Component: Arm Compiler for Embedded 6.22 Tool: armlink [5ee90200]

==============================================================================

Section Cross References

    startup_stm32l476xx.o(RESET) refers to startup_stm32l476xx.o(STACK) for __initial_sp
    startup_stm32l476xx.o(RESET) refers to startup_stm32l476xx.o(.text) for Reset_Handler
    startup_stm32l476xx.o(RESET) refers to smtc_hal_mcu_gpio_stm32l4.o(.text.EXTI0_IRQHandler) for EXTI0_IRQHandler
    startup_stm32l476xx.o(RESET) refers to smtc_hal_mcu_gpio_stm32l4.o(.text.EXTI1_IRQHandler) for EXTI1_IRQHandler
    startup_stm32l476xx.o(RESET) refers to smtc_hal_mcu_gpio_stm32l4.o(.text.EXTI2_IRQHandler) for EXTI2_IRQHandler
    startup_stm32l476xx.o(RESET) refers to smtc_hal_mcu_gpio_stm32l4.o(.text.EXTI3_IRQHandler) for EXTI3_IRQHandler
    startup_stm32l476xx.o(RESET) refers to smtc_hal_mcu_gpio_stm32l4.o(.text.EXTI4_IRQHandler) for EXTI4_IRQHandler
    startup_stm32l476xx.o(RESET) refers to smtc_hal_mcu_gpio_stm32l4.o(.text.EXTI9_5_IRQHandler) for EXTI9_5_IRQHandler
    startup_stm32l476xx.o(RESET) refers to smtc_hal_mcu_uart_stm32l4.o(.text.USART2_IRQHandler) for USART2_IRQHandler
    startup_stm32l476xx.o(RESET) refers to smtc_hal_mcu_gpio_stm32l4.o(.text.EXTI15_10_IRQHandler) for EXTI15_10_IRQHandler
    startup_stm32l476xx.o(RESET) refers to smtc_hal_mcu_timer_stm32l4.o(.text.LPTIM1_IRQHandler) for LPTIM1_IRQHandler
    startup_stm32l476xx.o(.text) refers to system_stm32l4xx.o(.text.SystemInit) for SystemInit
    startup_stm32l476xx.o(.text) refers to entry.o(.ARM.Collect$$$$00000000) for __main
    apps_common.o(.text.apps_common_sx126x_get_context) refers to smtc_shield_pinout_mapping.o(.text.smtc_shield_pinout_mapping_get_gpio_cfg) for smtc_shield_pinout_mapping_get_gpio_cfg
    apps_common.o(.text.apps_common_sx126x_get_context) refers to apps_common.o(.bss.context) for context
    apps_common.o(.text.apps_common_sx126x_get_context) refers to apps_common.o(.text.radio_on_dio_irq) for radio_on_dio_irq
    apps_common.o(.text.apps_common_sx126x_get_context) refers to smtc_hal_mcu_gpio_stm32l4.o(.text.smtc_hal_mcu_gpio_init_input) for smtc_hal_mcu_gpio_init_input
    apps_common.o(.text.apps_common_sx126x_get_context) refers to smtc_hal_mcu_gpio_stm32l4.o(.text.smtc_hal_mcu_gpio_init_output) for smtc_hal_mcu_gpio_init_output
    apps_common.o(.text.apps_common_sx126x_get_context) refers to smtc_hal_mcu_gpio_stm32l4.o(.text.smtc_hal_mcu_gpio_enable_irq) for smtc_hal_mcu_gpio_enable_irq
    apps_common.o(.text.apps_common_sx126x_get_context) refers to smtc_hal_mcu_spi_stm32l4.o(.text.smtc_hal_mcu_spi_init) for smtc_hal_mcu_spi_init
    apps_common.o(.ARM.exidx.text.apps_common_sx126x_get_context) refers to apps_common.o(.text.apps_common_sx126x_get_context) for [Anonymous Symbol]
    apps_common.o(.text.radio_on_dio_irq) refers to apps_common.o(.bss.irq_fired) for irq_fired
    apps_common.o(.ARM.exidx.text.radio_on_dio_irq) refers to apps_common.o(.text.radio_on_dio_irq) for [Anonymous Symbol]
    apps_common.o(.text.apps_common_shield_init) refers to apps_common.o(.data.shield) for shield
    apps_common.o(.text.apps_common_shield_init) refers to apps_common.o(.bss.shield_pinout) for shield_pinout
    apps_common.o(.text.apps_common_shield_init) refers to smtc_shield_pinout_mapping.o(.text.smtc_shield_pinout_mapping_get_gpio_cfg) for smtc_shield_pinout_mapping_get_gpio_cfg
    apps_common.o(.text.apps_common_shield_init) refers to apps_common.o(.bss.led_tx) for led_tx
    apps_common.o(.text.apps_common_shield_init) refers to smtc_hal_mcu_gpio_stm32l4.o(.text.smtc_hal_mcu_gpio_init_output) for smtc_hal_mcu_gpio_init_output
    apps_common.o(.text.apps_common_shield_init) refers to apps_common.o(.bss.led_rx) for led_rx
    apps_common.o(.text.apps_common_shield_init) refers to apps_common.o(.bss.antenna_sw) for antenna_sw
    apps_common.o(.ARM.exidx.text.apps_common_shield_init) refers to apps_common.o(.text.apps_common_shield_init) for [Anonymous Symbol]
    apps_common.o(.text.apps_common_sx126x_print_config) refers to apps_common.o(.rodata.str1.1) for .L.str
    apps_common.o(.text.apps_common_sx126x_print_config) refers to smtc_hal_dbg_trace.o(.text.hal_mcu_trace_print) for hal_mcu_trace_print
    apps_common.o(.text.apps_common_sx126x_print_config) refers to sx126x_str.o(.text.sx126x_pkt_type_to_str) for sx126x_pkt_type_to_str
    apps_common.o(.text.apps_common_sx126x_print_config) refers to sx126x_str.o(.text.sx126x_fallback_modes_to_str) for sx126x_fallback_modes_to_str
    apps_common.o(.text.apps_common_sx126x_print_config) refers to main_asfs_app.o(.data.LORA_SPREADING_FACTOR_t) for LORA_SPREADING_FACTOR_t
    apps_common.o(.text.apps_common_sx126x_print_config) refers to sx126x_str.o(.text.sx126x_lora_sf_to_str) for sx126x_lora_sf_to_str
    apps_common.o(.text.apps_common_sx126x_print_config) refers to sx126x_str.o(.text.sx126x_lora_bw_to_str) for sx126x_lora_bw_to_str
[...]
    Removing sx126x_hal.o(.ARM.exidx.text.sx126x_hal_wakeup), (8 bytes).
    Removing sx126x_hal.o(.ARM.exidx.text.sx126x_hal_write), (8 bytes).
    Removing sx126x_hal.o(.text.sx126x_hal_wait_on_busy), (32 bytes).
    Removing sx126x_hal.o(.ARM.exidx.text.sx126x_hal_wait_on_busy), (8 bytes).
    Removing sx126x_hal.o(.ARM.exidx.text.sx126x_hal_read), (8 bytes).
    Removing smtc_shield_sx1261mb2bas.o(.text), (0 bytes).
    Removing smtc_shield_sx1261mb2bas.o(.ARM.exidx.text.smtc_shield_sx1261mb2bas_get_pa_pwr_cfg), (8 bytes).
    Removing smtc_shield_sx1261mb2bas.o(.ARM.exidx.text.smtc_shield_sx1261mb2bas_is_dio2_set_as_rf_switch), (8 bytes).
    Removing smtc_shield_sx1261mb2bas.o(.ARM.exidx.text.smtc_shield_sx1261mb2bas_get_reg_mode), (8 bytes).
    Removing smtc_shield_sx1261mb2bas.o(.ARM.exidx.text.smtc_shield_sx1261mb2bas_get_xosc_cfg), (8 bytes).
    Removing smtc_shield_sx1261mb2bas.o(.ARM.exidx.text.smtc_shield_sx1261mb2bas_get_pinout), (8 bytes).
    Removing smtc_dbpsk.o(.text), (0 bytes).
    Removing smtc_dbpsk.o(.text.smtc_dbpsk_encode_buffer), (114 bytes).
    Removing smtc_dbpsk.o(.ARM.exidx.text.smtc_dbpsk_encode_buffer), (8 bytes).
    Removing sx126x_str.o(.text), (0 bytes).
    Removing sx126x_str.o(.text.sx126x_status_to_str), (36 bytes).
    Removing sx126x_str.o(.ARM.exidx.text.sx126x_status_to_str), (8 bytes).
    Removing sx126x_str.o(.text.sx126x_sleep_cfgs_to_str), (84 bytes).
    Removing sx126x_str.o(.ARM.exidx.text.sx126x_sleep_cfgs_to_str), (8 bytes).
    Removing sx126x_str.o(.text.sx126x_standby_cfgs_to_str), (76 bytes).
    Removing sx126x_str.o(.ARM.exidx.text.sx126x_standby_cfgs_to_str), (8 bytes).
    Removing sx126x_str.o(.text.sx126x_reg_mod_to_str), (72 bytes).
    Removing sx126x_str.o(.ARM.exidx.text.sx126x_reg_mod_to_str), (8 bytes).
    Removing sx126x_str.o(.ARM.exidx.text.sx126x_fallback_modes_to_str), (8 bytes).
    Removing sx126x_str.o(.text.sx126x_tcxo_ctrl_voltages_to_str), (52 bytes).
    Removing sx126x_str.o(.ARM.exidx.text.sx126x_tcxo_ctrl_voltages_to_str), (8 bytes).
    Removing sx126x_str.o(.ARM.exidx.text.sx126x_pkt_type_to_str), (8 bytes).
    Removing sx126x_str.o(.text.sx126x_ramp_time_to_str), (52 bytes).
    Removing sx126x_str.o(.ARM.exidx.text.sx126x_ramp_time_to_str), (8 bytes).
    Removing sx126x_str.o(.text.sx126x_gfsk_pulse_shape_to_str), (68 bytes).
    Removing sx126x_str.o(.ARM.exidx.text.sx126x_gfsk_pulse_shape_to_str), (8 bytes).
    Removing sx126x_str.o(.text.sx126x_bpsk_pulse_shape_to_str), (48 bytes).
    Removing sx126x_str.o(.ARM.exidx.text.sx126x_bpsk_pulse_shape_to_str), (8 bytes).
    Removing sx126x_str.o(.text.sx126x_gfsk_bw_to_str), (32 bytes).
    Removing sx126x_str.o(.ARM.exidx.text.sx126x_gfsk_bw_to_str), (8 bytes).
    Removing sx126x_str.o(.ARM.exidx.text.sx126x_lora_sf_to_str), (8 bytes).
    Removing sx126x_str.o(.ARM.exidx.text.sx126x_lora_bw_to_str), (8 bytes).
    Removing sx126x_str.o(.ARM.exidx.text.sx126x_lora_cr_to_str), (8 bytes).
    Removing sx126x_str.o(.text.sx126x_gfsk_preamble_detector_to_str), (52 bytes).
    Removing sx126x_str.o(.ARM.exidx.text.sx126x_gfsk_preamble_detector_to_str), (8 bytes).
    Removing sx126x_str.o(.text.sx126x_gfsk_address_filtering_to_str), (32 bytes).
    Removing sx126x_str.o(.ARM.exidx.text.sx126x_gfsk_address_filtering_to_str), (8 bytes).
    Removing sx126x_str.o(.text.sx126x_gfsk_pkt_len_modes_to_str), (76 bytes).
    Removing sx126x_str.o(.ARM.exidx.text.sx126x_gfsk_pkt_len_modes_to_str), (8 bytes).
    Removing sx126x_str.o(.text.sx126x_gfsk_crc_types_to_str), (48 bytes).
    Removing sx126x_str.o(.ARM.exidx.text.sx126x_gfsk_crc_types_to_str), (8 bytes).
    Removing sx126x_str.o(.text.sx126x_gfsk_dc_free_to_str), (84 bytes).
    Removing sx126x_str.o(.ARM.exidx.text.sx126x_gfsk_dc_free_to_str), (8 bytes).
    Removing sx126x_str.o(.ARM.exidx.text.sx126x_lora_pkt_len_modes_to_str), (8 bytes).
    Removing sx126x_str.o(.text.sx126x_cad_symbs_to_str), (40 bytes).
    Removing sx126x_str.o(.ARM.exidx.text.sx126x_cad_symbs_to_str), (8 bytes).
    Removing sx126x_str.o(.text.sx126x_cad_exit_modes_to_str), (80 bytes).
    Removing sx126x_str.o(.ARM.exidx.text.sx126x_cad_exit_modes_to_str), (8 bytes).
    Removing sx126x_str.o(.text.sx126x_chip_modes_to_str), (48 bytes).
    Removing sx126x_str.o(.ARM.exidx.text.sx126x_chip_modes_to_str), (8 bytes).
    Removing sx126x_str.o(.text.sx126x_cmd_status_to_str), (48 bytes).
    Removing sx126x_str.o(.ARM.exidx.text.sx126x_cmd_status_to_str), (8 bytes).
    Removing sx126x_str.o(.rodata..Lswitch.table.sx126x_gfsk_bw_to_str), (92 bytes).

453 unused section(s) (total 19209 bytes) removed from the image.

==============================================================================

Image Symbol Table

    Local Symbols

    Symbol Name                              Value     Ov Type        Size  Object(Section)

    ../clib/division.s                       0x00000000   Number         0  aeabi_sdiv.o ABSOLUTE
    ../clib/microlib/division.c              0x00000000   Number         0  uidiv.o ABSOLUTE
    ../clib/microlib/division.c              0x00000000   Number         0  uldiv.o ABSOLUTE
    ../clib/microlib/init/entry.s            0x00000000   Number         0  entry.o ABSOLUTE
    ../clib/microlib/init/entry.s            0x00000000   Number         0  entry2.o ABSOLUTE
    ../clib/microlib/init/entry.s            0x00000000   Number         0  entry5.o ABSOLUTE
    ../clib/microlib/init/entry.s            0x00000000   Number         0  entry7a.o ABSOLUTE
    ../clib/microlib/init/entry.s            0x00000000   Number         0  entry7b.o ABSOLUTE
    ../clib/microlib/init/entry.s            0x00000000   Number         0  entry8a.o ABSOLUTE
    ../clib/microlib/init/entry.s            0x00000000   Number         0  entry8b.o ABSOLUTE
    ../clib/microlib/init/entry.s            0x00000000   Number         0  entry9a.o ABSOLUTE
    ../clib/microlib/init/entry.s            0x00000000   Number         0  entry9b.o ABSOLUTE
    ../clib/microlib/init/entry.s            0x00000000   Number         0  entry10a.o ABSOLUTE
    ../clib/microlib/init/entry.s            0x00000000   Number         0  entry10b.o ABSOLUTE
    ../clib/microlib/init/entry.s            0x00000000   Number         0  entry11a.o ABSOLUTE
    ../clib/microlib/init/entry.s            0x00000000   Number         0  entry11b.o ABSOLUTE
    ../clib/microlib/longlong.c              0x00000000   Number         0  llshl.o ABSOLUTE
    ../clib/microlib/longlong.c              0x00000000   Number         0  llushr.o ABSOLUTE
    ../clib/microlib/longlong.c              0x00000000   Number         0  llsshr.o ABSOLUTE
    ../clib/microlib/printf/printf.c         0x00000000   Number         0  printfa.o ABSOLUTE
    ../clib/microlib/stdio/fputc.c           0x00000000   Number         0  fputc.o ABSOLUTE
    ../clib/microlib/stdio/fputc.c           0x00000000   Number         0  fputc_h.o ABSOLUTE
    ../clib/microlib/stdio/semi.s            0x00000000   Number         0  semi.o ABSOLUTE
    ../clib/microlib/stdio/streams.c         0x00000000   Number         0  stdout.o ABSOLUTE
    ../clib/microlib/stdlib/rand.c           0x00000000   Number         0  rand.o ABSOLUTE
    ../clib/microlib/string/memcpy.c         0x00000000   Number         0  memcpya.o ABSOLUTE
    ../clib/microlib/string/memcpy.c         0x00000000   Number         0  memcpyb.o ABSOLUTE
    ../clib/microlib/string/memset.c         0x00000000   Number         0  memseta.o ABSOLUTE
    ../clib/microlib/string/strlen.c         0x00000000   Number         0  strlen.o ABSOLUTE
    ../clib/microlib/stubs.s                 0x00000000   Number         0  iusefp.o ABSOLUTE
    ../clib/microlib/stubs.s                 0x00000000   Number         0  iusesemip.o ABSOLUTE
    ../fplib/microlib/fpadd.c                0x00000000   Number         0  dadd.o ABSOLUTE
    ../fplib/microlib/fpdiv.c                0x00000000   Number         0  ddiv.o ABSOLUTE
    ../fplib/microlib/fpepilogue.c           0x00000000   Number         0  depilogue.o ABSOLUTE
    ../fplib/microlib/fpfix.c                0x00000000   Number         0  dfixul.o ABSOLUTE
    ../fplib/microlib/fpmul.c                0x00000000   Number         0  dmul.o ABSOLUTE
    ..\..\..\libs\smtc-hal-mcu-stm32l4\third_party\STM32CubeL4\Drivers\CMSIS\Device\ST\STM32L4xx\Source\Templates\arm\startup_stm32l476xx.s 0x00000000   Number         0  startup_stm32l476xx.o ABSOLUTE
    apps_common.c                            0x00000000   Number         0  apps_common.o ABSOLUTE
    cdrcmple.s                               0x00000000   Number         0  cdrcmple.o ABSOLUTE
    common_version.c                         0x00000000   Number         0  common_version.o ABSOLUTE
    dc.s                                     0x00000000   Number         0  dc.o ABSOLUTE
    handlers.s                               0x00000000   Number         0  handlers.o ABSOLUTE
    init.s                                   0x00000000   Number         0  init.o ABSOLUTE
    main_ASFS_App.c                          0x00000000   Number         0  main_asfs_app.o ABSOLUTE
    smtc_dbpsk.c                             0x00000000   Number         0  smtc_dbpsk.o ABSOLUTE
    smtc_hal_dbg_trace.c                     0x00000000   Number         0  smtc_hal_dbg_trace.o ABSOLUTE
    smtc_hal_mcu_gpio_stm32l4.c              0x00000000   Number         0  smtc_hal_mcu_gpio_stm32l4.o ABSOLUTE
    smtc_hal_mcu_rng_stm32l4.c               0x00000000   Number         0  smtc_hal_mcu_rng_stm32l4.o ABSOLUTE
    smtc_hal_mcu_spi_stm32l4.c               0x00000000   Number         0  smtc_hal_mcu_spi_stm32l4.o ABSOLUTE
    smtc_hal_mcu_stm32l4.c                   0x00000000   Number         0  smtc_hal_mcu_stm32l4.o ABSOLUTE
    smtc_hal_mcu_timer_stm32l4.c             0x00000000   Number         0  smtc_hal_mcu_timer_stm32l4.o ABSOLUTE
    smtc_hal_mcu_uart_stm32l4.c              0x00000000   Number         0  smtc_hal_mcu_uart_stm32l4.o ABSOLUTE
    smtc_shield_pinout_mapping.c             0x00000000   Number         0  smtc_shield_pinout_mapping.o ABSOLUTE
    smtc_shield_sx1261mb2bas.c               0x00000000   Number         0  smtc_shield_sx1261mb2bas.o ABSOLUTE
    stm32l4xx_ll_exti.c                      0x00000000   Number         0  stm32l4xx_ll_exti.o ABSOLUTE
    stm32l4xx_ll_gpio.c                      0x00000000   Number         0  stm32l4xx_ll_gpio.o ABSOLUTE
    stm32l4xx_ll_lptim.c                     0x00000000   Number         0  stm32l4xx_ll_lptim.o ABSOLUTE
    stm32l4xx_ll_pwr.c                       0x00000000   Number         0  stm32l4xx_ll_pwr.o ABSOLUTE
    stm32l4xx_ll_rcc.c                       0x00000000   Number         0  stm32l4xx_ll_rcc.o ABSOLUTE
    stm32l4xx_ll_spi.c                       0x00000000   Number         0  stm32l4xx_ll_spi.o ABSOLUTE
    stm32l4xx_ll_tim.c                       0x00000000   Number         0  stm32l4xx_ll_tim.o ABSOLUTE
    stm32l4xx_ll_usart.c                     0x00000000   Number         0  stm32l4xx_ll_usart.o ABSOLUTE
    stm32l4xx_ll_utils.c                     0x00000000   Number         0  stm32l4xx_ll_utils.o ABSOLUTE
    sx126x.c                                 0x00000000   Number         0  sx126x.o ABSOLUTE
    sx126x_hal.c                             0x00000000   Number         0  sx126x_hal.o ABSOLUTE
    sx126x_str.c                             0x00000000   Number         0  sx126x_str.o ABSOLUTE
    system_stm32l4xx.c                       0x00000000   Number         0  system_stm32l4xx.o ABSOLUTE
    uart_init.c                              0x00000000   Number         0  uart_init.o ABSOLUTE
    RESET                                    0x08000000   Section      392  startup_stm32l476xx.o(RESET)
    .ARM.Collect$$$$00000000                 0x08000188   Section        0  entry.o(.ARM.Collect$$$$00000000)
    .ARM.Collect$$$$00000001                 0x08000188   Section        4  entry2.o(.ARM.Collect$$$$00000001)
    .ARM.Collect$$$$00000004                 0x0800018c   Section        4  entry5.o(.ARM.Collect$$$$00000004)
    .ARM.Collect$$$$00000008                 0x08000190   Section        0  entry7b.o(.ARM.Collect$$$$00000008)
    .ARM.Collect$$$$0000000A                 0x08000190   Section        0  entry8b.o(.ARM.Collect$$$$0000000A)
    .ARM.Collect$$$$0000000B                 0x08000190   Section        8  entry9a.o(.ARM.Collect$$$$0000000B)
    __lit__00000000                          0x08000198   Data           4  entry2.o(.ARM.Collect$$$$00002712)
    .ARM.Collect$$$$0000000D                 0x08000198   Section        0  entry10a.o(.ARM.Collect$$$$0000000D)
    .ARM.Collect$$$$0000000F                 0x08000198   Section        0  entry11a.o(.ARM.Collect$$$$0000000F)
    .ARM.Collect$$$$00002712                 0x08000198   Section        4  entry2.o(.ARM.Collect$$$$00002712)
    $v0                                      0x0800019c   Number         0  startup_stm32l476xx.o(.text)
    .text                                    0x0800019c   Section       36  startup_stm32l476xx.o(.text)
    .text                                    0x080001c0   Section        0  rand.o(.text)
    .text                                    0x080001e4   Section        0  memseta.o(.text)
    .text                                    0x08000208   Section        0  strlen.o(.text)
    .text                                    0x08000216   Section        0  uidiv.o(.text)
    .text                                    0x08000242   Section        0  uldiv.o(.text)
    .text                                    0x080002aa   Section        0  iusefp.o(.text)
    .text                                    0x080002aa   Section        0  dadd.o(.text)
    .text                                    0x08000408   Section        0  dmul.o(.text)
    .text                                    0x080004f2   Section        0  ddiv.o(.text)
    .text                                    0x080005d0   Section        0  dfixul.o(.text)
    .text                                    0x08000600   Section       48  cdrcmple.o(.text)
    .text                                    0x08000630   Section       48  init.o(.text)
    .text                                    0x08000660   Section        0  llshl.o(.text)
    .text                                    0x0800067e   Section        0  llushr.o(.text)
    .text                                    0x0800069e   Section        0  llsshr.o(.text)
    .text                                    0x080006c2   Section        0  depilogue.o(.text)
    [Anonymous Symbol]                       0x0800077c   Section        0  smtc_hal_mcu_gpio_stm32l4.o(.text.EXTI0_IRQHandler)
    [Anonymous Symbol]                       0x080007c0   Section        0  smtc_hal_mcu_gpio_stm32l4.o(.text.EXTI15_10_IRQHandler)
    [Anonymous Symbol]                       0x08000920   Section        0  smtc_hal_mcu_gpio_stm32l4.o(.text.EXTI1_IRQHandler)
    [Anonymous Symbol]                       0x08000964   Section        0  smtc_hal_mcu_gpio_stm32l4.o(.text.EXTI2_IRQHandler)
    [Anonymous Symbol]                       0x080009a8   Section        0  smtc_hal_mcu_gpio_stm32l4.o(.text.EXTI3_IRQHandler)
    [Anonymous Symbol]                       0x080009ec   Section        0  smtc_hal_mcu_gpio_stm32l4.o(.text.EXTI4_IRQHandler)
    [Anonymous Symbol]                       0x08000a30   Section        0  smtc_hal_mcu_gpio_stm32l4.o(.text.EXTI9_5_IRQHandler)
    [Anonymous Symbol]                       0x08000b48   Section        0  stm32l4xx_ll_exti.o(.text.LL_EXTI_Init)
    [Anonymous Symbol]                       0x08000cb8   Section        0  stm32l4xx_ll_gpio.o(.text.LL_GPIO_Init)
    [Anonymous Symbol]                       0x08000d94   Section        0  stm32l4xx_ll_utils.o(.text.LL_Init1msTick)
    [Anonymous Symbol]                       0x08000dbc   Section        0  stm32l4xx_ll_rcc.o(.text.LL_RCC_GetUARTClockFreq)
    [Anonymous Symbol]                       0x08000ea4   Section        0  stm32l4xx_ll_rcc.o(.text.LL_RCC_GetUSARTClockFreq)
    [Anonymous Symbol]                       0x08000f70   Section        0  stm32l4xx_ll_spi.o(.text.LL_SPI_Init)
    [Anonymous Symbol]                       0x08000fe8   Section        0  stm32l4xx_ll_utils.o(.text.LL_SetSystemCoreClock)
    [Anonymous Symbol]                       0x08000ff4   Section        0  stm32l4xx_ll_usart.o(.text.LL_USART_Init)
    [Anonymous Symbol]                       0x080010dc   Section        0  stm32l4xx_ll_utils.o(.text.LL_mDelay)
    [Anonymous Symbol]                       0x08001104   Section        0  smtc_hal_mcu_timer_stm32l4.o(.text.LPTIM1_IRQHandler)
    RCC_GetSystemClockFreq                   0x08001135   Thumb Code   230  stm32l4xx_ll_rcc.o(.text.RCC_GetSystemClockFreq)
    [Anonymous Symbol]                       0x08001134   Section        0  stm32l4xx_ll_rcc.o(.text.RCC_GetSystemClockFreq)
    [Anonymous Symbol]                       0x0800121c   Section        0  system_stm32l4xx.o(.text.SystemInit)
    [Anonymous Symbol]                       0x08001230   Section        0  smtc_hal_mcu_uart_stm32l4.o(.text.USART2_IRQHandler)
    [Anonymous Symbol]                       0x08001264   Section        0  apps_common.o(.text.apps_common_shield_init)
    [Anonymous Symbol]                       0x080012f4   Section        0  apps_common.o(.text.apps_common_sx126x_get_context)
    [Anonymous Symbol]                       0x080013a4   Section        0  apps_common.o(.text.apps_common_sx126x_handle_post_rx)
    [Anonymous Symbol]                       0x080013c8   Section        0  apps_common.o(.text.apps_common_sx126x_handle_pre_rx)
    [Anonymous Symbol]                       0x080013ec   Section        0  apps_common.o(.text.apps_common_sx126x_init)
    [Anonymous Symbol]                       0x08001768   Section        0  apps_common.o(.text.apps_common_sx126x_irq_process)
    [Anonymous Symbol]                       0x080018d4   Section        0  apps_common.o(.text.apps_common_sx126x_print_config)
    [Anonymous Symbol]                       0x08001bc8   Section        0  apps_common.o(.text.apps_common_sx126x_print_version_info)
    [Anonymous Symbol]                       0x08001c04   Section        0  apps_common.o(.text.apps_common_sx126x_radio_init)
    [Anonymous Symbol]                       0x08002274   Section        0  apps_common.o(.text.apps_common_sx126x_receive)
    [Anonymous Symbol]                       0x08002344   Section        0  common_version.o(.text.common_version_print)
    [Anonymous Symbol]                       0x08002398   Section        0  apps_common.o(.text.get_time_on_air_in_ms)
    [Anonymous Symbol]                       0x080023ac   Section        0  smtc_hal_dbg_trace.o(.text.hal_mcu_trace_print)
    [Anonymous Symbol]                       0x080023cc   Section        0  main_asfs_app.o(.text.init_app)
    [Anonymous Symbol]                       0x08002550   Section        0  main_asfs_app.o(.text.main)
    [Anonymous Symbol]                       0x080025ac   Section        0  main_asfs_app.o(.text.on_cad_done_detected)
    [Anonymous Symbol]                       0x08002630   Section        0  main_asfs_app.o(.text.on_cad_done_undetected)
    [Anonymous Symbol]                       0x08002664   Section        0  main_asfs_app.o(.text.on_preamble_detected)
    [Anonymous Symbol]                       0x08002674   Section        0  main_asfs_app.o(.text.on_preamble_undetected)
    [Anonymous Symbol]                       0x08002720   Section        0  main_asfs_app.o(.text.on_rx_done)
    [Anonymous Symbol]                       0x08002788   Section        0  apps_common.o(.text.on_tx_done)
    [Anonymous Symbol]                       0x0800278c   Section        0  apps_common.o(.text.radio_on_dio_irq)
    [Anonymous Symbol]                       0x0800279c   Section        0  smtc_hal_mcu_gpio_stm32l4.o(.text.smtc_hal_mcu_gpio_enable_irq)
    [Anonymous Symbol]                       0x08002848   Section        0  smtc_hal_mcu_gpio_stm32l4.o(.text.smtc_hal_mcu_gpio_get_state)
    [Anonymous Symbol]                       0x080028b8   Section        0  smtc_hal_mcu_gpio_stm32l4.o(.text.smtc_hal_mcu_gpio_init_input)
    [Anonymous Symbol]                       0x08002b94   Section        0  smtc_hal_mcu_gpio_stm32l4.o(.text.smtc_hal_mcu_gpio_init_output)
    [Anonymous Symbol]                       0x08002c88   Section        0  smtc_hal_mcu_gpio_stm32l4.o(.text.smtc_hal_mcu_gpio_set_state)
    smtc_hal_mcu_gpio_stm32l4_enable_clock   0x08002cc9   Thumb Code   230  smtc_hal_mcu_gpio_stm32l4.o(.text.smtc_hal_mcu_gpio_stm32l4_enable_clock)
    [Anonymous Symbol]                       0x08002cc8   Section        0  smtc_hal_mcu_gpio_stm32l4.o(.text.smtc_hal_mcu_gpio_stm32l4_enable_clock)
    [Anonymous Symbol]                       0x08002db0   Section        0  smtc_hal_mcu_stm32l4.o(.text.smtc_hal_mcu_init)
    [Anonymous Symbol]                       0x08002ed4   Section        0  smtc_hal_mcu_spi_stm32l4.o(.text.smtc_hal_mcu_spi_init)
    [Anonymous Symbol]                       0x08003054   Section        0  smtc_hal_mcu_spi_stm32l4.o(.text.smtc_hal_mcu_spi_rw_buffer)
    [Anonymous Symbol]                       0x08003100   Section        0  smtc_hal_mcu_uart_stm32l4.o(.text.smtc_hal_mcu_uart_init)
    [Anonymous Symbol]                       0x08003240   Section        0  smtc_hal_mcu_uart_stm32l4.o(.text.smtc_hal_mcu_uart_send)
    [Anonymous Symbol]                       0x08003278   Section        0  smtc_shield_pinout_mapping.o(.text.smtc_shield_pinout_mapping_get_gpio_cfg)
    [Anonymous Symbol]                       0x08003288   Section        0  smtc_shield_sx1261mb2bas.o(.text.smtc_shield_sx1261mb2bas_get_pa_pwr_cfg)
    [Anonymous Symbol]                       0x080032c4   Section        0  smtc_shield_sx1261mb2bas.o(.text.smtc_shield_sx1261mb2bas_get_pinout)
    [Anonymous Symbol]                       0x080032d0   Section        0  smtc_shield_sx1261mb2bas.o(.text.smtc_shield_sx1261mb2bas_get_reg_mode)
    [Anonymous Symbol]                       0x080032d4   Section        0  smtc_shield_sx1261mb2bas.o(.text.smtc_shield_sx1261mb2bas_get_xosc_cfg)
    [Anonymous Symbol]                       0x080032e0   Section        0  smtc_shield_sx1261mb2bas.o(.text.smtc_shield_sx1261mb2bas_is_dio2_set_as_rf_switch)
    start_cad_after_delay                    0x080032e5   Thumb Code   182  main_asfs_app.o(.text.start_cad_after_delay)
    [Anonymous Symbol]                       0x080032e4   Section        0  main_asfs_app.o(.text.start_cad_after_delay)
    [Anonymous Symbol]                       0x0800339c   Section        0  sx126x.o(.text.sx126x_add_registers_to_retention_list)
    [Anonymous Symbol]                       0x0800348c   Section        0  sx126x.o(.text.sx126x_cal)
    [Anonymous Symbol]                       0x080034b4   Section        0  sx126x.o(.text.sx126x_cfg_rx_boosted)
    [Anonymous Symbol]                       0x08003508   Section        0  sx126x.o(.text.sx126x_clear_irq_status)
    [Anonymous Symbol]                       0x08003534   Section        0  sx126x.o(.text.sx126x_convert_timeout_in_ms_to_rtc_step)
    [Anonymous Symbol]                       0x08003538   Section        0  sx126x_str.o(.text.sx126x_fallback_modes_to_str)
    [Anonymous Symbol]                       0x080035a4   Section        0  sx126x.o(.text.sx126x_get_and_clear_irq_status)
    [Anonymous Symbol]                       0x08003608   Section        0  sx126x.o(.text.sx126x_get_lora_time_on_air_in_ms)
    [Anonymous Symbol]                       0x0800368c   Section        0  sx126x.o(.text.sx126x_get_rx_buffer_status)
    [Anonymous Symbol]                       0x080036c0   Section        0  sx126x_hal.o(.text.sx126x_hal_read)
    [Anonymous Symbol]                       0x08003718   Section        0  sx126x_hal.o(.text.sx126x_hal_reset)
    [Anonymous Symbol]                       0x08003738   Section        0  sx126x_hal.o(.text.sx126x_hal_write)
    [Anonymous Symbol]                       0x08003790   Section        0  sx126x.o(.text.sx126x_handle_rx_done)
    [Anonymous Symbol]                       0x08003794   Section        0  sx126x.o(.text.sx126x_init_retention_list)
    [Anonymous Symbol]                       0x080037a4   Section        0  sx126x_str.o(.text.sx126x_lora_bw_to_str)
    [Anonymous Symbol]                       0x080037e4   Section        0  sx126x_str.o(.text.sx126x_lora_cr_to_str)
    [Anonymous Symbol]                       0x0800380c   Section        0  sx126x_str.o(.text.sx126x_lora_pkt_len_modes_to_str)
    [Anonymous Symbol]                       0x08003860   Section        0  sx126x_str.o(.text.sx126x_lora_sf_to_str)
    [Anonymous Symbol]                       0x08003898   Section        0  sx126x_str.o(.text.sx126x_pkt_type_to_str)
    [Anonymous Symbol]                       0x080038bc   Section        0  sx126x.o(.text.sx126x_read_buffer)
    [Anonymous Symbol]                       0x080038e8   Section        0  sx126x.o(.text.sx126x_reset)
    [Anonymous Symbol]                       0x080038ec   Section        0  sx126x.o(.text.sx126x_set_cad)
    [Anonymous Symbol]                       0x08003910   Section        0  sx126x.o(.text.sx126x_set_cad_params)
    [Anonymous Symbol]                       0x08003948   Section        0  sx126x.o(.text.sx126x_set_dio2_as_rf_sw_ctrl)
    [Anonymous Symbol]                       0x08003970   Section        0  sx126x.o(.text.sx126x_set_dio3_as_tcxo_ctrl)
    [Anonymous Symbol]                       0x080039a8   Section        0  sx126x.o(.text.sx126x_set_dio_irq_params)
    [Anonymous Symbol]                       0x080039fc   Section        0  sx126x.o(.text.sx126x_set_lora_mod_params)
    [Anonymous Symbol]                       0x08003a9c   Section        0  sx126x.o(.text.sx126x_set_lora_pkt_params)
    [Anonymous Symbol]                       0x08003b38   Section        0  sx126x.o(.text.sx126x_set_lora_sync_word)
    [Anonymous Symbol]                       0x08003bb4   Section        0  sx126x.o(.text.sx126x_set_pa_cfg)
    [Anonymous Symbol]                       0x08003bdc   Section        0  sx126x.o(.text.sx126x_set_pkt_type)
    [Anonymous Symbol]                       0x08003c04   Section        0  sx126x.o(.text.sx126x_set_reg_mode)
    [Anonymous Symbol]                       0x08003c2c   Section        0  sx126x.o(.text.sx126x_set_rf_freq)
    [Anonymous Symbol]                       0x08003c90   Section        0  sx126x.o(.text.sx126x_set_rx)
    [Anonymous Symbol]                       0x08003ccc   Section        0  sx126x.o(.text.sx126x_set_rx_tx_fallback_mode)
    [Anonymous Symbol]                       0x08003cf4   Section        0  sx126x.o(.text.sx126x_set_standby)
    [Anonymous Symbol]                       0x08003d1c   Section        0  sx126x.o(.text.sx126x_set_tx_params)
    [Anonymous Symbol]                       0x08003d48   Section        0  sx126x.o(.text.sx126x_stop_rtc)
    [Anonymous Symbol]                       0x08003dd0   Section        0  uart_init.o(.text.uart_init)
    [Anonymous Symbol]                       0x08003dfc   Section        0  uart_init.o(.text.vprint)
    i.__0vsprintf                            0x08003e34   Section        0  printfa.o(i.__0vsprintf)
    i.__scatterload_copy                     0x08003e58   Section       14  handlers.o(i.__scatterload_copy)
    i.__scatterload_null                     0x08003e66   Section        2  handlers.o(i.__scatterload_null)
    i.__scatterload_zeroinit                 0x08003e68   Section       14  handlers.o(i.__scatterload_zeroinit)
    _fp_digits                               0x08003e79   Thumb Code   366  printfa.o(i._fp_digits)
    i._fp_digits                             0x08003e78   Section        0  printfa.o(i._fp_digits)
    _printf_core                             0x08004005   Thumb Code  1744  printfa.o(i._printf_core)
    i._printf_core                           0x08004004   Section        0  printfa.o(i._printf_core)
    _printf_post_padding                     0x080046e7   Thumb Code    36  printfa.o(i._printf_post_padding)
    i._printf_post_padding                   0x080046e6   Section        0  printfa.o(i._printf_post_padding)
    _printf_pre_padding                      0x0800470b   Thumb Code    46  printfa.o(i._printf_pre_padding)
    i._printf_pre_padding                    0x0800470a   Section        0  printfa.o(i._printf_pre_padding)
    _sputc                                   0x08004739   Thumb Code    10  printfa.o(i._sputc)
    i._sputc                                 0x08004738   Section        0  printfa.o(i._sputc)
    .L__const.sx126x_init_retention_list.list_of_registers 0x08004742   Data           6  sx126x.o(.rodata..L__const.sx126x_init_retention_list.list_of_registers)
    .Lswitch.table.sx126x_get_lora_time_on_air_in_ms 0x08004748   Data          44  sx126x.o(.rodata..Lswitch.table.sx126x_get_lora_time_on_air_in_ms)
    .L.str.33                                0x08004928   Data          78  apps_common.o(.rodata.str1.1)
    [Anonymous Symbol]                       0x08004928   Section        0  apps_common.o(.rodata.str1.1)
    .L.str.11                                0x08004976   Data          29  apps_common.o(.rodata.str1.1)
    .L.str.15                                0x08004993   Data          25  apps_common.o(.rodata.str1.1)
    .L.str.27                                0x080049ac   Data          40  apps_common.o(.rodata.str1.1)
    .L.str.8                                 0x080049ac   Data          40  apps_common.o(.rodata.str1.1)
    .L.str.8                                 0x080049d4   Data          30  apps_common.o(.rodata.str1.1)
    .L.str.28                                0x080049f2   Data          41  apps_common.o(.rodata.str1.1)
    .L.str.6                                 0x08004a1b   Data          29  apps_common.o(.rodata.str1.1)
    .L.str.2                                 0x08004a38   Data          26  apps_common.o(.rodata.str1.1)
    .L.str.22                                0x08004a38   Data          26  apps_common.o(.rodata.str1.1)
    .L.str.13                                0x08004a52   Data          26  apps_common.o(.rodata.str1.1)
    .L.str.14                                0x08004a6c   Data          26  apps_common.o(.rodata.str1.1)
    .L.str.4                                 0x08004a86   Data          25  apps_common.o(.rodata.str1.1)
    .L.str.7                                 0x08004a9f   Data          25  apps_common.o(.rodata.str1.1)
    .L.str.12                                0x08004ab8   Data          26  apps_common.o(.rodata.str1.1)
    .L.str.5                                 0x08004ad2   Data          28  apps_common.o(.rodata.str1.1)
    .L.str.10                                0x08004aec   Data           2  apps_common.o(.rodata.str1.1)
    .L.str.26                                0x08004aee   Data           7  apps_common.o(.rodata.str1.1)
    .L.str.7                                 0x08004aee   Data           7  apps_common.o(.rodata.str1.1)
    .L.str.1                                 0x08004af5   Data           7  apps_common.o(.rodata.str1.1)
    .L.str.1                                 0x08004afc   Data           8  apps_common.o(.rodata.str1.1)
    .L.str.21                                0x08004afc   Data           8  apps_common.o(.rodata.str1.1)
    .L.str.24                                0x08004b04   Data          20  apps_common.o(.rodata.str1.1)
    .L.str.4                                 0x08004b04   Data          20  apps_common.o(.rodata.str1.1)
    .L.str.23                                0x08004b18   Data          27  apps_common.o(.rodata.str1.1)
    .L.str.3                                 0x08004b33   Data           5  apps_common.o(.rodata.str1.1)
    .L.str.5                                 0x08004b33   Data           5  apps_common.o(.rodata.str1.1)
    .L.str                                   0x08004b38   Data           8  apps_common.o(.rodata.str1.1)
    .L.str.20                                0x08004b38   Data           8  apps_common.o(.rodata.str1.1)
    .L__func__.apps_common_sx126x_radio_dbpsk_init 0x08004b3a   Data          36  apps_common.o(.rodata.str1.1)
    .L.str                                   0x08004b40   Data           8  apps_common.o(.rodata.str1.1)
    .L.str.25                                0x08004b48   Data           8  apps_common.o(.rodata.str1.1)
    .L.str.6                                 0x08004b48   Data           8  apps_common.o(.rodata.str1.1)
    .L__func__.apps_common_sx126x_irq_process 0x08004b50   Data          31  apps_common.o(.rodata.str1.1)
    .L__func__.apps_common_sx126x_radio_init 0x08004b93   Data          30  apps_common.o(.rodata.str1.1)
    .L__func__.apps_common_sx126x_init       0x08004bb1   Data          24  apps_common.o(.rodata.str1.1)
    .L.str.10                                0x08004bc9   Data          66  main_asfs_app.o(.rodata.str1.1)
    [Anonymous Symbol]                       0x08004bc9   Section        0  main_asfs_app.o(.rodata.str1.1)
    .L.str.3                                 0x08004c0b   Data          19  main_asfs_app.o(.rodata.str1.1)
    .L__func__.on_preamble_undetected        0x08004c1e   Data          23  main_asfs_app.o(.rodata.str1.1)
    .L__func__.init_app                      0x08004c35   Data           9  main_asfs_app.o(.rodata.str1.1)
    .L__func__.start_cad_after_delay         0x08004c3e   Data          22  main_asfs_app.o(.rodata.str1.1)
    [Anonymous Symbol]                       0x08004c54   Section        0  sx126x_str.o(.rodata.str1.1)
    .L.str.4                                 0x080055b8   Data           8  sx126x_str.o(.rodata.str1.1)
    _rand_state                              0x20000000   Data           4  rand.o(.data)
    .data                                    0x20000000   Section        4  rand.o(.data)
    buffer                                   0x20000030   Data         124  main_asfs_app.o(.bss.buffer)
    [Anonymous Symbol]                       0x20000030   Section        0  main_asfs_app.o(.bss.buffer)
    context                                  0x200000b4   Data          72  apps_common.o(.bss.context)
    [Anonymous Symbol]                       0x200000b4   Section        0  apps_common.o(.bss.context)
    context                                  0x200000fc   Data           4  main_asfs_app.o(.bss.context)
    [Anonymous Symbol]                       0x200000fc   Section        0  main_asfs_app.o(.bss.context)
    detection_counter                        0x20000100   Data           4  main_asfs_app.o(.bss.detection_counter)
    [Anonymous Symbol]                       0x20000100   Section        0  main_asfs_app.o(.bss.detection_counter)
    gpio_inst_array                          0x20000104   Data         768  smtc_hal_mcu_gpio_stm32l4.o(.bss.gpio_inst_array)
    [Anonymous Symbol]                       0x20000104   Section        0  smtc_hal_mcu_gpio_stm32l4.o(.bss.gpio_inst_array)
    inst_uart                                0x20000404   Data           4  uart_init.o(.bss.inst_uart)
    [Anonymous Symbol]                       0x20000404   Section        0  uart_init.o(.bss.inst_uart)
    irq_fired                                0x20000408   Data           1  apps_common.o(.bss.irq_fired)
    [Anonymous Symbol]                       0x20000408   Section        0  apps_common.o(.bss.irq_fired)
    received_packet_counter                  0x20000428   Data           4  apps_common.o(.bss.received_packet_counter)
    [Anonymous Symbol]                       0x20000428   Section        0  apps_common.o(.bss.received_packet_counter)
    shield_pinout                            0x2000042c   Data           4  apps_common.o(.bss.shield_pinout)
    [Anonymous Symbol]                       0x2000042c   Section        0  apps_common.o(.bss.shield_pinout)
    spi_inst_array                           0x20000430   Data          32  smtc_hal_mcu_spi_stm32l4.o(.bss.spi_inst_array)
    [Anonymous Symbol]                       0x20000430   Section        0  smtc_hal_mcu_spi_stm32l4.o(.bss.spi_inst_array)
    tim_inst_array                           0x20000450   Data          16  smtc_hal_mcu_timer_stm32l4.o(.bss.tim_inst_array)
    [Anonymous Symbol]                       0x20000450   Section        0  smtc_hal_mcu_timer_stm32l4.o(.bss.tim_inst_array)
    uart_inst_array                          0x20000460   Data          12  smtc_hal_mcu_uart_stm32l4.o(.bss.uart_inst_array)
    [Anonymous Symbol]                       0x20000460   Section        0  smtc_hal_mcu_uart_stm32l4.o(.bss.uart_inst_array)
    STACK                                    0x20000470   Section     1024  startup_stm32l476xx.o(STACK)

    Global Symbols

    Symbol Name                              Value     Ov Type        Size  Object(Section)

    BuildAttributes$$THM_ISAv4$E$P$D$K$B$S$7EM$VFPi3$EXTD16$VFPS$VFMA$PE$A:L22UL41UL21$X:L11$S22US41US21$IEEE1$IW$~IW$USESV6$~STKCKD$USESV7$~SHL$OTIME$ROPI$EBA8$MICROLIB$REQ8$PRES8$EABIv2 0x00000000   Number         0  anon$$obj.o ABSOLUTE
    __cpp_initialize__aeabi_                  - Undefined Weak Reference
    __cxa_finalize                            - Undefined Weak Reference
    __decompress                              - Undefined Weak Reference
    _clock_init                               - Undefined Weak Reference
    _microlib_exit                            - Undefined Weak Reference
    __Vectors_Size                           0x00000188   Number         0  startup_stm32l476xx.o ABSOLUTE
    __Vectors                                0x08000000   Data           4  startup_stm32l476xx.o(RESET)
    __Vectors_End                            0x08000188   Data           0  startup_stm32l476xx.o(RESET)
    __main                                   0x08000189   Thumb Code     0  entry.o(.ARM.Collect$$$$00000000)
    _main_stk                                0x08000189   Thumb Code     0  entry2.o(.ARM.Collect$$$$00000001)
    _main_scatterload                        0x0800018d   Thumb Code     0  entry5.o(.ARM.Collect$$$$00000004)
    __main_after_scatterload                 0x08000191   Thumb Code     0  entry5.o(.ARM.Collect$$$$00000004)
    _main_clock                              0x08000191   Thumb Code     0  entry7b.o(.ARM.Collect$$$$00000008)
    _main_cpp_init                           0x08000191   Thumb Code     0  entry8b.o(.ARM.Collect$$$$0000000A)
    _main_init                               0x08000191   Thumb Code     0  entry9a.o(.ARM.Collect$$$$0000000B)
    __rt_final_cpp                           0x08000199   Thumb Code     0  entry10a.o(.ARM.Collect$$$$0000000D)
    __rt_final_exit                          0x08000199   Thumb Code     0  entry11a.o(.ARM.Collect$$$$0000000F)
    Reset_Handler                            0x0800019d   Thumb Code     8  startup_stm32l476xx.o(.text)
    NMI_Handler                              0x080001a5   Thumb Code     2  startup_stm32l476xx.o(.text)
    HardFault_Handler                        0x080001a7   Thumb Code     2  startup_stm32l476xx.o(.text)
    MemManage_Handler                        0x080001a9   Thumb Code     2  startup_stm32l476xx.o(.text)
    BusFault_Handler                         0x080001ab   Thumb Code     2  startup_stm32l476xx.o(.text)
    UsageFault_Handler                       0x080001ad   Thumb Code     2  startup_stm32l476xx.o(.text)
    SVC_Handler                              0x080001af   Thumb Code     2  startup_stm32l476xx.o(.text)
    DebugMon_Handler                         0x080001b1   Thumb Code     2  startup_stm32l476xx.o(.text)
    PendSV_Handler                           0x080001b3   Thumb Code     2  startup_stm32l476xx.o(.text)
    SysTick_Handler                          0x080001b5   Thumb Code     2  startup_stm32l476xx.o(.text)
    ADC1_2_IRQHandler                        0x080001b7   Thumb Code     0  startup_stm32l476xx.o(.text)
    ADC3_IRQHandler                          0x080001b7   Thumb Code     0  startup_stm32l476xx.o(.text)
    CAN1_RX0_IRQHandler                      0x080001b7   Thumb Code     0  startup_stm32l476xx.o(.text)
    CAN1_RX1_IRQHandler                      0x080001b7   Thumb Code     0  startup_stm32l476xx.o(.text)
    CAN1_SCE_IRQHandler                      0x080001b7   Thumb Code     0  startup_stm32l476xx.o(.text)
    CAN1_TX_IRQHandler                       0x080001b7   Thumb Code     0  startup_stm32l476xx.o(.text)
    COMP_IRQHandler                          0x080001b7   Thumb Code     0  startup_stm32l476xx.o(.text)
    DFSDM1_FLT0_IRQHandler                   0x080001b7   Thumb Code     0  startup_stm32l476xx.o(.text)
    DFSDM1_FLT1_IRQHandler                   0x080001b7   Thumb Code     0  startup_stm32l476xx.o(.text)
    DFSDM1_FLT2_IRQHandler                   0x080001b7   Thumb Code     0  startup_stm32l476xx.o(.text)
    DFSDM1_FLT3_IRQHandler                   0x080001b7   Thumb Code     0  startup_stm32l476xx.o(.text)
    DMA1_Channel1_IRQHandler                 0x080001b7   Thumb Code     0  startup_stm32l476xx.o(.text)
    DMA1_Channel2_IRQHandler                 0x080001b7   Thumb Code     0  startup_stm32l476xx.o(.text)
    DMA1_Channel3_IRQHandler                 0x080001b7   Thumb Code     0  startup_stm32l476xx.o(.text)
    DMA1_Channel4_IRQHandler                 0x080001b7   Thumb Code     0  startup_stm32l476xx.o(.text)
    DMA1_Channel5_IRQHandler                 0x080001b7   Thumb Code     0  startup_stm32l476xx.o(.text)
    DMA1_Channel6_IRQHandler                 0x080001b7   Thumb Code     0  startup_stm32l476xx.o(.text)
    DMA1_Channel7_IRQHandler                 0x080001b7   Thumb Code     0  startup_stm32l476xx.o(.text)
    DMA2_Channel1_IRQHandler                 0x080001b7   Thumb Code     0  startup_stm32l476xx.o(.text)
    DMA2_Channel2_IRQHandler                 0x080001b7   Thumb Code     0  startup_stm32l476xx.o(.text)
    DMA2_Channel3_IRQHandler                 0x080001b7   Thumb Code     0  startup_stm32l476xx.o(.text)
    DMA2_Channel4_IRQHandler                 0x080001b7   Thumb Code     0  startup_stm32l476xx.o(.text)
    DMA2_Channel5_IRQHandler                 0x080001b7   Thumb Code     0  startup_stm32l476xx.o(.text)
    DMA2_Channel6_IRQHandler                 0x080001b7   Thumb Code     0  startup_stm32l476xx.o(.text)
    DMA2_Channel7_IRQHandler                 0x080001b7   Thumb Code     0  startup_stm32l476xx.o(.text)
    FLASH_IRQHandler                         0x080001b7   Thumb Code     0  startup_stm32l476xx.o(.text)
    FMC_IRQHandler                           0x080001b7   Thumb Code     0  startup_stm32l476xx.o(.text)
    FPU_IRQHandler                           0x080001b7   Thumb Code     0  startup_stm32l476xx.o(.text)
    I2C1_ER_IRQHandler                       0x080001b7   Thumb Code     0  startup_stm32l476xx.o(.text)
    I2C1_EV_IRQHandler                       0x080001b7   Thumb Code     0  startup_stm32l476xx.o(.text)
    I2C2_ER_IRQHandler                       0x080001b7   Thumb Code     0  startup_stm32l476xx.o(.text)
    I2C2_EV_IRQHandler                       0x080001b7   Thumb Code     0  startup_stm32l476xx.o(.text)
    I2C3_ER_IRQHandler                       0x080001b7   Thumb Code     0  startup_stm32l476xx.o(.text)
    I2C3_EV_IRQHandler                       0x080001b7   Thumb Code     0  startup_stm32l476xx.o(.text)
    LCD_IRQHandler                           0x080001b7   Thumb Code     0  startup_stm32l476xx.o(.text)
    LPTIM2_IRQHandler                        0x080001b7   Thumb Code     0  startup_stm32l476xx.o(.text)
    LPUART1_IRQHandler                       0x080001b7   Thumb Code     0  startup_stm32l476xx.o(.text)
    OTG_FS_IRQHandler                        0x080001b7   Thumb Code     0  startup_stm32l476xx.o(.text)
    PVD_PVM_IRQHandler                       0x080001b7   Thumb Code     0  startup_stm32l476xx.o(.text)
    QUADSPI_IRQHandler                       0x080001b7   Thumb Code     0  startup_stm32l476xx.o(.text)
    RCC_IRQHandler                           0x080001b7   Thumb Code     0  startup_stm32l476xx.o(.text)
    RNG_IRQHandler                           0x080001b7   Thumb Code     0  startup_stm32l476xx.o(.text)
    RTC_Alarm_IRQHandler                     0x080001b7   Thumb Code     0  startup_stm32l476xx.o(.text)
    RTC_WKUP_IRQHandler                      0x080001b7   Thumb Code     0  startup_stm32l476xx.o(.text)
    SAI1_IRQHandler                          0x080001b7   Thumb Code     0  startup_stm32l476xx.o(.text)
    SAI2_IRQHandler                          0x080001b7   Thumb Code     0  startup_stm32l476xx.o(.text)
    SDMMC1_IRQHandler                        0x080001b7   Thumb Code     0  startup_stm32l476xx.o(.text)
    SPI1_IRQHandler                          0x080001b7   Thumb Code     0  startup_stm32l476xx.o(.text)
    SPI2_IRQHandler                          0x080001b7   Thumb Code     0  startup_stm32l476xx.o(.text)
    SPI3_IRQHandler                          0x080001b7   Thumb Code     0  startup_stm32l476xx.o(.text)
    SWPMI1_IRQHandler                        0x080001b7   Thumb Code     0  startup_stm32l476xx.o(.text)
    TAMP_STAMP_IRQHandler                    0x080001b7   Thumb Code     0  startup_stm32l476xx.o(.text)
    TIM1_BRK_TIM15_IRQHandler                0x080001b7   Thumb Code     0  startup_stm32l476xx.o(.text)
    TIM1_CC_IRQHandler                       0x080001b7   Thumb Code     0  startup_stm32l476xx.o(.text)
    TIM1_TRG_COM_TIM17_IRQHandler            0x080001b7   Thumb Code     0  startup_stm32l476xx.o(.text)
    TIM1_UP_TIM16_IRQHandler                 0x080001b7   Thumb Code     0  startup_stm32l476xx.o(.text)
    TIM2_IRQHandler                          0x080001b7   Thumb Code     0  startup_stm32l476xx.o(.text)
    TIM3_IRQHandler                          0x080001b7   Thumb Code     0  startup_stm32l476xx.o(.text)
    TIM4_IRQHandler                          0x080001b7   Thumb Code     0  startup_stm32l476xx.o(.text)
    TIM5_IRQHandler                          0x080001b7   Thumb Code     0  startup_stm32l476xx.o(.text)
    TIM6_DAC_IRQHandler                      0x080001b7   Thumb Code     0  startup_stm32l476xx.o(.text)
    TIM7_IRQHandler                          0x080001b7   Thumb Code     0  startup_stm32l476xx.o(.text)
    TIM8_BRK_IRQHandler                      0x080001b7   Thumb Code     0  startup_stm32l476xx.o(.text)
    TIM8_CC_IRQHandler                       0x080001b7   Thumb Code     0  startup_stm32l476xx.o(.text)
    TIM8_TRG_COM_IRQHandler                  0x080001b7   Thumb Code     0  startup_stm32l476xx.o(.text)
    TIM8_UP_IRQHandler                       0x080001b7   Thumb Code     0  startup_stm32l476xx.o(.text)
    TSC_IRQHandler                           0x080001b7   Thumb Code     0  startup_stm32l476xx.o(.text)
    UART4_IRQHandler                         0x080001b7   Thumb Code     0  startup_stm32l476xx.o(.text)
    UART5_IRQHandler                         0x080001b7   Thumb Code     0  startup_stm32l476xx.o(.text)
    USART1_IRQHandler                        0x080001b7   Thumb Code     0  startup_stm32l476xx.o(.text)
    USART3_IRQHandler                        0x080001b7   Thumb Code     0  startup_stm32l476xx.o(.text)
    WWDG_IRQHandler                          0x080001b7   Thumb Code     0  startup_stm32l476xx.o(.text)
    rand                                     0x080001c1   Thumb Code    20  rand.o(.text)
    srand                                    0x080001d5   Thumb Code     6  rand.o(.text)
    __aeabi_memset                           0x080001e5   Thumb Code    14  memseta.o(.text)
    __aeabi_memset4                          0x080001e5   Thumb Code     0  memseta.o(.text)
    __aeabi_memset8                          0x080001e5   Thumb Code     0  memseta.o(.text)
    __aeabi_memclr                           0x080001f3   Thumb Code     4  memseta.o(.text)
    __aeabi_memclr4                          0x080001f3   Thumb Code     0  memseta.o(.text)
    __aeabi_memclr8                          0x080001f3   Thumb Code     0  memseta.o(.text)
    _memset$wrapper                          0x080001f7   Thumb Code    18  memseta.o(.text)
    strlen                                   0x08000209   Thumb Code    14  strlen.o(.text)
    __aeabi_uidiv                            0x08000217   Thumb Code     0  uidiv.o(.text)
    __aeabi_uidivmod                         0x08000217   Thumb Code    44  uidiv.o(.text)
    __aeabi_uldivmod                         0x08000243   Thumb Code    98  uldiv.o(.text)
    __I$use$fp                               0x080002ab   Thumb Code     0  iusefp.o(.text)
    __aeabi_dadd                             0x080002ab   Thumb Code   322  dadd.o(.text)
    __aeabi_dsub                             0x080003ed   Thumb Code     6  dadd.o(.text)
    __aeabi_drsub                            0x080003f3   Thumb Code     6  dadd.o(.text)
    __aeabi_dmul                             0x08000409   Thumb Code   228  dmul.o(.text)
    __aeabi_ddiv                             0x080004f3   Thumb Code   222  ddiv.o(.text)
    __aeabi_d2ulz                            0x080005d1   Thumb Code    48  dfixul.o(.text)
    __aeabi_cdrcmple                         0x08000601   Thumb Code    48  cdrcmple.o(.text)
    __scatterload                            0x08000631   Thumb Code    38  init.o(.text)
    __scatterload_rt2                        0x08000631   Thumb Code     0  init.o(.text)
    __aeabi_llsl                             0x08000661   Thumb Code    30  llshl.o(.text)
    _ll_shift_l                              0x08000661   Thumb Code     0  llshl.o(.text)
    __aeabi_llsr                             0x0800067f   Thumb Code    32  llushr.o(.text)
    _ll_ushift_r                             0x0800067f   Thumb Code     0  llushr.o(.text)
    __aeabi_lasr                             0x0800069f   Thumb Code    36  llsshr.o(.text)
    _ll_sshift_r                             0x0800069f   Thumb Code     0  llsshr.o(.text)
    _double_round                            0x080006c3   Thumb Code    30  depilogue.o(.text)
    _double_epilogue                         0x080006e1   Thumb Code   156  depilogue.o(.text)
    EXTI0_IRQHandler                         0x0800077d   Thumb Code    66  smtc_hal_mcu_gpio_stm32l4.o(.text.EXTI0_IRQHandler)
    EXTI15_10_IRQHandler                     0x080007c1   Thumb Code   350  smtc_hal_mcu_gpio_stm32l4.o(.text.EXTI15_10_IRQHandler)
    EXTI1_IRQHandler                         0x08000921   Thumb Code    66  smtc_hal_mcu_gpio_stm32l4.o(.text.EXTI1_IRQHandler)
    EXTI2_IRQHandler                         0x08000965   Thumb Code    66  smtc_hal_mcu_gpio_stm32l4.o(.text.EXTI2_IRQHandler)
    EXTI3_IRQHandler                         0x080009a9   Thumb Code    66  smtc_hal_mcu_gpio_stm32l4.o(.text.EXTI3_IRQHandler)
    EXTI4_IRQHandler                         0x080009ed   Thumb Code    66  smtc_hal_mcu_gpio_stm32l4.o(.text.EXTI4_IRQHandler)
    EXTI9_5_IRQHandler                       0x08000a31   Thumb Code   278  smtc_hal_mcu_gpio_stm32l4.o(.text.EXTI9_5_IRQHandler)
    LL_EXTI_Init                             0x08000b49   Thumb Code   368  stm32l4xx_ll_exti.o(.text.LL_EXTI_Init)
    LL_GPIO_Init                             0x08000cb9   Thumb Code   214  stm32l4xx_ll_gpio.o(.text.LL_GPIO_Init)
    LL_Init1msTick                           0x08000d95   Thumb Code    40  stm32l4xx_ll_utils.o(.text.LL_Init1msTick)
    LL_RCC_GetUARTClockFreq                  0x08000dbd   Thumb Code   232  stm32l4xx_ll_rcc.o(.text.LL_RCC_GetUARTClockFreq)
    LL_RCC_GetUSARTClockFreq                 0x08000ea5   Thumb Code   202  stm32l4xx_ll_rcc.o(.text.LL_RCC_GetUSARTClockFreq)
    LL_SPI_Init                              0x08000f71   Thumb Code   120  stm32l4xx_ll_spi.o(.text.LL_SPI_Init)
    LL_SetSystemCoreClock                    0x08000fe9   Thumb Code    12  stm32l4xx_ll_utils.o(.text.LL_SetSystemCoreClock)
    LL_USART_Init                            0x08000ff5   Thumb Code   232  stm32l4xx_ll_usart.o(.text.LL_USART_Init)
    LL_mDelay                                0x080010dd   Thumb Code    40  stm32l4xx_ll_utils.o(.text.LL_mDelay)
    LPTIM1_IRQHandler                        0x08001105   Thumb Code    46  smtc_hal_mcu_timer_stm32l4.o(.text.LPTIM1_IRQHandler)
    SystemInit                               0x0800121d   Thumb Code    18  system_stm32l4xx.o(.text.SystemInit)
    USART2_IRQHandler                        0x08001231   Thumb Code    52  smtc_hal_mcu_uart_stm32l4.o(.text.USART2_IRQHandler)
    apps_common_shield_init                  0x08001265   Thumb Code   144  apps_common.o(.text.apps_common_shield_init)
    apps_common_sx126x_get_context           0x080012f5   Thumb Code   174  apps_common.o(.text.apps_common_sx126x_get_context)
    apps_common_sx126x_handle_post_rx        0x080013a5   Thumb Code    34  apps_common.o(.text.apps_common_sx126x_handle_post_rx)
    apps_common_sx126x_handle_pre_rx         0x080013c9   Thumb Code    34  apps_common.o(.text.apps_common_sx126x_handle_pre_rx)
    apps_common_sx126x_init                  0x080013ed   Thumb Code   890  apps_common.o(.text.apps_common_sx126x_init)
    apps_common_sx126x_irq_process           0x08001769   Thumb Code   340  apps_common.o(.text.apps_common_sx126x_irq_process)
    apps_common_sx126x_print_config          0x080018d5   Thumb Code   608  apps_common.o(.text.apps_common_sx126x_print_config)
    apps_common_sx126x_print_version_info    0x08001bc9   Thumb Code    58  apps_common.o(.text.apps_common_sx126x_print_version_info)
    apps_common_sx126x_radio_init            0x08001c05   Thumb Code  1648  apps_common.o(.text.apps_common_sx126x_radio_init)
    apps_common_sx126x_receive               0x08002275   Thumb Code   176  apps_common.o(.text.apps_common_sx126x_receive)
    common_version_print                     0x08002345   Thumb Code    32  common_version.o(.text.common_version_print)
    get_time_on_air_in_ms                    0x08002399   Thumb Code    20  apps_common.o(.text.get_time_on_air_in_ms)
    hal_mcu_trace_print                      0x080023ad   Thumb Code    32  smtc_hal_dbg_trace.o(.text.hal_mcu_trace_print)
    init_app                                 0x080023cd   Thumb Code   388  main_asfs_app.o(.text.init_app)
    main                                     0x08002551   Thumb Code    92  main_asfs_app.o(.text.main)
    on_cad_done_detected                     0x080025ad   Thumb Code   100  main_asfs_app.o(.text.on_cad_done_detected)
    on_cad_done_undetected                   0x08002631   Thumb Code    52  main_asfs_app.o(.text.on_cad_done_undetected)
    on_preamble_detected                     0x08002665   Thumb Code    16  main_asfs_app.o(.text.on_preamble_detected)
    on_preamble_undetected                   0x08002675   Thumb Code   170  main_asfs_app.o(.text.on_preamble_undetected)
    on_rx_done                               0x08002721   Thumb Code   104  main_asfs_app.o(.text.on_rx_done)
    on_tx_done                               0x08002789   Thumb Code     2  apps_common.o(.text.on_tx_done)
    radio_on_dio_irq                         0x0800278d   Thumb Code    14  apps_common.o(.text.radio_on_dio_irq)
    smtc_hal_mcu_gpio_enable_irq             0x0800279d   Thumb Code   170  smtc_hal_mcu_gpio_stm32l4.o(.text.smtc_hal_mcu_gpio_enable_irq)
    smtc_hal_mcu_gpio_get_state              0x08002849   Thumb Code   110  smtc_hal_mcu_gpio_stm32l4.o(.text.smtc_hal_mcu_gpio_get_state)
    smtc_hal_mcu_gpio_init_input             0x080028b9   Thumb Code   730  smtc_hal_mcu_gpio_stm32l4.o(.text.smtc_hal_mcu_gpio_init_input)
    smtc_hal_mcu_gpio_init_output            0x08002b95   Thumb Code   242  smtc_hal_mcu_gpio_stm32l4.o(.text.smtc_hal_mcu_gpio_init_output)
    smtc_hal_mcu_gpio_set_state              0x08002c89   Thumb Code    62  smtc_hal_mcu_gpio_stm32l4.o(.text.smtc_hal_mcu_gpio_set_state)
    smtc_hal_mcu_init                        0x08002db1   Thumb Code   290  smtc_hal_mcu_stm32l4.o(.text.smtc_hal_mcu_init)
    smtc_hal_mcu_spi_init                    0x08002ed5   Thumb Code   336  smtc_hal_mcu_spi_stm32l4.o(.text.smtc_hal_mcu_spi_init)
    smtc_hal_mcu_spi_rw_buffer               0x08003055   Thumb Code   170  smtc_hal_mcu_spi_stm32l4.o(.text.smtc_hal_mcu_spi_rw_buffer)
    smtc_hal_mcu_uart_init                   0x08003101   Thumb Code   296  smtc_hal_mcu_uart_stm32l4.o(.text.smtc_hal_mcu_uart_init)
    smtc_hal_mcu_uart_send                   0x08003241   Thumb Code    54  smtc_hal_mcu_uart_stm32l4.o(.text.smtc_hal_mcu_uart_send)
    smtc_shield_pinout_mapping_get_gpio_cfg  0x08003279   Thumb Code    14  smtc_shield_pinout_mapping.o(.text.smtc_shield_pinout_mapping_get_gpio_cfg)
    smtc_shield_sx1261mb2bas_get_pa_pwr_cfg  0x08003289   Thumb Code    60  smtc_shield_sx1261mb2bas.o(.text.smtc_shield_sx1261mb2bas_get_pa_pwr_cfg)
    smtc_shield_sx1261mb2bas_get_pinout      0x080032c5   Thumb Code    10  smtc_shield_sx1261mb2bas.o(.text.smtc_shield_sx1261mb2bas_get_pinout)
    smtc_shield_sx1261mb2bas_get_reg_mode    0x080032d1   Thumb Code     4  smtc_shield_sx1261mb2bas.o(.text.smtc_shield_sx1261mb2bas_get_reg_mode)
    smtc_shield_sx1261mb2bas_get_xosc_cfg    0x080032d5   Thumb Code    10  smtc_shield_sx1261mb2bas.o(.text.smtc_shield_sx1261mb2bas_get_xosc_cfg)
    smtc_shield_sx1261mb2bas_is_dio2_set_as_rf_switch 0x080032e1   Thumb Code     4  smtc_shield_sx1261mb2bas.o(.text.smtc_shield_sx1261mb2bas_is_dio2_set_as_rf_switch)
    sx126x_add_registers_to_retention_list   0x0800339d   Thumb Code   234  sx126x.o(.text.sx126x_add_registers_to_retention_list)
    sx126x_cal                               0x0800348d   Thumb Code    38  sx126x.o(.text.sx126x_cal)
    sx126x_cfg_rx_boosted                    0x080034b5   Thumb Code    84  sx126x.o(.text.sx126x_cfg_rx_boosted)
    sx126x_clear_irq_status                  0x08003509   Thumb Code    44  sx126x.o(.text.sx126x_clear_irq_status)
    sx126x_convert_timeout_in_ms_to_rtc_step 0x08003535   Thumb Code     4  sx126x.o(.text.sx126x_convert_timeout_in_ms_to_rtc_step)
    sx126x_fallback_modes_to_str             0x08003539   Thumb Code    32  sx126x_str.o(.text.sx126x_fallback_modes_to_str)
    sx126x_get_and_clear_irq_status          0x080035a5   Thumb Code   100  sx126x.o(.text.sx126x_get_and_clear_irq_status)
    sx126x_get_lora_time_on_air_in_ms        0x08003609   Thumb Code   132  sx126x.o(.text.sx126x_get_lora_time_on_air_in_ms)
    sx126x_get_rx_buffer_status              0x0800368d   Thumb Code    50  sx126x.o(.text.sx126x_get_rx_buffer_status)
    sx126x_hal_read                          0x080036c1   Thumb Code    88  sx126x_hal.o(.text.sx126x_hal_read)
    sx126x_hal_reset                         0x08003719   Thumb Code    30  sx126x_hal.o(.text.sx126x_hal_reset)
    sx126x_hal_write                         0x08003739   Thumb Code    88  sx126x_hal.o(.text.sx126x_hal_write)
    sx126x_handle_rx_done                    0x08003791   Thumb Code     4  sx126x.o(.text.sx126x_handle_rx_done)
    sx126x_init_retention_list               0x08003795   Thumb Code    14  sx126x.o(.text.sx126x_init_retention_list)
    sx126x_lora_bw_to_str                    0x080037a5   Thumb Code    20  sx126x_str.o(.text.sx126x_lora_bw_to_str)
    sx126x_lora_cr_to_str                    0x080037e5   Thumb Code    24  sx126x_str.o(.text.sx126x_lora_cr_to_str)
    sx126x_lora_pkt_len_modes_to_str         0x0800380d   Thumb Code    28  sx126x_str.o(.text.sx126x_lora_pkt_len_modes_to_str)
    sx126x_lora_sf_to_str                    0x08003861   Thumb Code    24  sx126x_str.o(.text.sx126x_lora_sf_to_str)
    sx126x_pkt_type_to_str                   0x08003899   Thumb Code    20  sx126x_str.o(.text.sx126x_pkt_type_to_str)
    sx126x_read_buffer                       0x080038bd   Thumb Code    42  sx126x.o(.text.sx126x_read_buffer)
    sx126x_reset                             0x080038e9   Thumb Code     4  sx126x.o(.text.sx126x_reset)
    sx126x_set_cad                           0x080038ed   Thumb Code    34  sx126x.o(.text.sx126x_set_cad)
    sx126x_set_cad_params                    0x08003911   Thumb Code    56  sx126x.o(.text.sx126x_set_cad_params)
    sx126x_set_dio2_as_rf_sw_ctrl            0x08003949   Thumb Code    38  sx126x.o(.text.sx126x_set_dio2_as_rf_sw_ctrl)
    sx126x_set_dio3_as_tcxo_ctrl             0x08003971   Thumb Code    54  sx126x.o(.text.sx126x_set_dio3_as_tcxo_ctrl)
    sx126x_set_dio_irq_params                0x080039a9   Thumb Code    84  sx126x.o(.text.sx126x_set_dio_irq_params)
    sx126x_set_lora_mod_params               0x080039fd   Thumb Code   158  sx126x.o(.text.sx126x_set_lora_mod_params)
    sx126x_set_lora_pkt_params               0x08003a9d   Thumb Code   156  sx126x.o(.text.sx126x_set_lora_pkt_params)
    sx126x_set_lora_sync_word                0x08003b39   Thumb Code   122  sx126x.o(.text.sx126x_set_lora_sync_word)
    sx126x_set_pa_cfg                        0x08003bb5   Thumb Code    38  sx126x.o(.text.sx126x_set_pa_cfg)
    sx126x_set_pkt_type                      0x08003bdd   Thumb Code    38  sx126x.o(.text.sx126x_set_pkt_type)
    sx126x_set_reg_mode                      0x08003c05   Thumb Code    38  sx126x.o(.text.sx126x_set_reg_mode)
    sx126x_set_rf_freq                       0x08003c2d   Thumb Code   100  sx126x.o(.text.sx126x_set_rf_freq)
    sx126x_set_rx                            0x08003c91   Thumb Code    60  sx126x.o(.text.sx126x_set_rx)
    sx126x_set_rx_tx_fallback_mode           0x08003ccd   Thumb Code    38  sx126x.o(.text.sx126x_set_rx_tx_fallback_mode)
    sx126x_set_standby                       0x08003cf5   Thumb Code    38  sx126x.o(.text.sx126x_set_standby)
    sx126x_set_tx_params                     0x08003d1d   Thumb Code    42  sx126x.o(.text.sx126x_set_tx_params)
    sx126x_stop_rtc                          0x08003d49   Thumb Code   136  sx126x.o(.text.sx126x_stop_rtc)
    uart_init                                0x08003dd1   Thumb Code    44  uart_init.o(.text.uart_init)
    vprint                                   0x08003dfd   Thumb Code    54  uart_init.o(.text.vprint)
    __0vsprintf                              0x08003e35   Thumb Code    30  printfa.o(i.__0vsprintf)
    __1vsprintf                              0x08003e35   Thumb Code     0  printfa.o(i.__0vsprintf)
    __2vsprintf                              0x08003e35   Thumb Code     0  printfa.o(i.__0vsprintf)
    __c89vsprintf                            0x08003e35   Thumb Code     0  printfa.o(i.__0vsprintf)
    vsprintf                                 0x08003e35   Thumb Code     0  printfa.o(i.__0vsprintf)
    __scatterload_copy                       0x08003e59   Thumb Code    14  handlers.o(i.__scatterload_copy)
    __scatterload_null                       0x08003e67   Thumb Code     2  handlers.o(i.__scatterload_null)
    __scatterload_zeroinit                   0x08003e69   Thumb Code    14  handlers.o(i.__scatterload_zeroinit)
    AHBPrescTable                            0x08004774   Data          16  system_stm32l4xx.o(.rodata.AHBPrescTable)
    APBPrescTable                            0x08004784   Data           8  system_stm32l4xx.o(.rodata.APBPrescTable)
    MSIRangeTable                            0x0800478c   Data          48  system_stm32l4xx.o(.rodata.MSIRangeTable)
    arduino_mapping                          0x080047bc   Data         176  smtc_shield_pinout_mapping.o(.rodata.arduino_mapping)
    lora_pkt_params                          0x0800486c   Data           6  apps_common.o(.rodata.lora_pkt_params)
    smtc_shield_sx1261mb2bas_pa_pwr_cfg_table 0x08004872   Data         165  smtc_shield_sx1261mb2bas.o(.rodata.smtc_shield_sx1261mb2bas_pa_pwr_cfg_table)
    smtc_shield_sx1261mb2bas_pinout          0x08004917   Data           7  smtc_shield_sx1261mb2bas.o(.rodata.smtc_shield_sx1261mb2bas_pinout)
    smtc_shield_sx1261mb2bas_xosc_cfg        0x08004920   Data           8  smtc_shield_sx1261mb2bas.o(.rodata.smtc_shield_sx1261mb2bas_xosc_cfg)
    Region$$Table$$Base                      0x080055c0   Number         0  anon$$obj.o(Region$$Table)
    Region$$Table$$Limit                     0x080055e0   Number         0  anon$$obj.o(Region$$Table)
    LORA_SF                                  0x20000004   Data           1  main_asfs_app.o(.data.LORA_SF)
    LORA_SPREADING_FACTOR_t                  0x20000005   Data           1  main_asfs_app.o(.data.LORA_SPREADING_FACTOR_t)
    SystemCoreClock                          0x20000008   Data           4  system_stm32l4xx.o(.data.SystemCoreClock)
    shield                                   0x2000000c   Data          20  apps_common.o(.data.shield)
    CAD_EXIT_MODE                            0x20000020   Data           1  main_asfs_app.o(.bss.CAD_EXIT_MODE)
    antenna_sw                               0x20000024   Data          12  apps_common.o(.bss.antenna_sw)
    cad_params                               0x200000ac   Data           8  main_asfs_app.o(.bss.cad_params)
    led_rx                                   0x2000040c   Data          12  apps_common.o(.bss.led_rx)
    led_tx                                   0x20000418   Data          12  apps_common.o(.bss.led_tx)
    lora_mod_params                          0x20000424   Data           4  main_asfs_app.o(.bss.lora_mod_params)
    __initial_sp                             0x20000870   Data           0  startup_stm32l476xx.o(STACK)



==============================================================================

Memory Map of the image

  Image Entry point : 0x08000189

  Load Region LR_IROM1 (Base: 0x08000000, Size: 0x00005600, Max: 0x00100000, ABSOLUTE)

    Execution Region ER_IROM1 (Exec base: 0x08000000, Load base: 0x08000000, Size: 0x000055e0, Max: 0x00100000, ABSOLUTE)

    Exec Addr    Load Addr    Size         Type   Attr      Idx    E Section Name        Object

    0x08000000   0x08000000   0x00000188   Data   RO            3    RESET               startup_stm32l476xx.o
    0x08000188   0x08000188   0x00000000   Code   RO          778  * .ARM.Collect$$$$00000000  mc_w.l(entry.o)
    0x08000188   0x08000188   0x00000004   Code   RO          820    .ARM.Collect$$$$00000001  mc_w.l(entry2.o)
    0x0800018c   0x0800018c   0x00000004   Code   RO          823    .ARM.Collect$$$$00000004  mc_w.l(entry5.o)
    0x08000190   0x08000190   0x00000000   Code   RO          825    .ARM.Collect$$$$00000008  mc_w.l(entry7b.o)
    0x08000190   0x08000190   0x00000000   Code   RO          827    .ARM.Collect$$$$0000000A  mc_w.l(entry8b.o)
    0x08000190   0x08000190   0x00000008   Code   RO          828    .ARM.Collect$$$$0000000B  mc_w.l(entry9a.o)
    0x08000198   0x08000198   0x00000000   Code   RO          830    .ARM.Collect$$$$0000000D  mc_w.l(entry10a.o)
    0x08000198   0x08000198   0x00000000   Code   RO          832    .ARM.Collect$$$$0000000F  mc_w.l(entry11a.o)
    0x08000198   0x08000198   0x00000004   Code   RO          821    .ARM.Collect$$$$00002712  mc_w.l(entry2.o)
    0x0800019c   0x0800019c   0x00000024   Code   RO            4    .text               startup_stm32l476xx.o
    0x080001c0   0x080001c0   0x00000024   Code   RO          781    .text               mc_w.l(rand.o)
    0x080001e4   0x080001e4   0x00000024   Code   RO          786    .text               mc_w.l(memseta.o)
    0x08000208   0x08000208   0x0000000e   Code   RO          788    .text               mc_w.l(strlen.o)
    0x08000216   0x08000216   0x0000002c   Code   RO          848    .text               mc_w.l(uidiv.o)
    0x08000242   0x08000242   0x00000068   Code   RO          850    .text               mc_w.l(uldiv.o)
    0x080002aa   0x080002aa   0x00000000   Code   RO          852    .text               mc_w.l(iusefp.o)
    0x080002aa   0x080002aa   0x0000015e   Code   RO          853    .text               mf_w.l(dadd.o)
    0x08000408   0x08000408   0x000000ea   Code   RO          855    .text               mf_w.l(dmul.o)
    0x080004f2   0x080004f2   0x000000de   Code   RO          857    .text               mf_w.l(ddiv.o)
    0x080005d0   0x080005d0   0x00000030   Code   RO          859    .text               mf_w.l(dfixul.o)
    0x08000600   0x08000600   0x00000030   Code   RO          861    .text               mf_w.l(cdrcmple.o)
    0x08000630   0x08000630   0x00000030   Code   RO          863    .text               mc_w.l(init.o)
    0x08000660   0x08000660   0x0000001e   Code   RO          866    .text               mc_w.l(llshl.o)
    0x0800067e   0x0800067e   0x00000020   Code   RO          868    .text               mc_w.l(llushr.o)
    0x0800069e   0x0800069e   0x00000024   Code   RO          870    .text               mc_w.l(llsshr.o)
    0x080006c2   0x080006c2   0x000000ba   Code   RO          873    .text               mf_w.l(depilogue.o)
    0x0800077c   0x0800077c   0x00000042   Code   RO          571    .text.EXTI0_IRQHandler  smtc_hal_mcu_gpio_stm32l4.o
    0x080007be   0x080007be   0x00000002   PAD
    0x080007c0   0x080007c0   0x0000015e   Code   RO          583    .text.EXTI15_10_IRQHandler  smtc_hal_mcu_gpio_stm32l4.o
    0x0800091e   0x0800091e   0x00000002   PAD
    0x08000920   0x08000920   0x00000042   Code   RO          573    .text.EXTI1_IRQHandler  smtc_hal_mcu_gpio_stm32l4.o
    0x08000962   0x08000962   0x00000002   PAD
    0x08000964   0x08000964   0x00000042   Code   RO          575    .text.EXTI2_IRQHandler  smtc_hal_mcu_gpio_stm32l4.o
    0x080009a6   0x080009a6   0x00000002   PAD
    0x080009a8   0x080009a8   0x00000042   Code   RO          577    .text.EXTI3_IRQHandler  smtc_hal_mcu_gpio_stm32l4.o
    0x080009ea   0x080009ea   0x00000002   PAD
    0x080009ec   0x080009ec   0x00000042   Code   RO          579    .text.EXTI4_IRQHandler  smtc_hal_mcu_gpio_stm32l4.o
    0x08000a2e   0x08000a2e   0x00000002   PAD
    0x08000a30   0x08000a30   0x00000116   Code   RO          581    .text.EXTI9_5_IRQHandler  smtc_hal_mcu_gpio_stm32l4.o
    0x08000b46   0x08000b46   0x00000002   PAD
    0x08000b48   0x08000b48   0x00000170   Code   RO          332    .text.LL_EXTI_Init  stm32l4xx_ll_exti.o
    0x08000cb8   0x08000cb8   0x000000dc   Code   RO          309    .text.LL_GPIO_Init  stm32l4xx_ll_gpio.o
    0x08000d94   0x08000d94   0x00000028   Code   RO          344    .text.LL_Init1msTick  stm32l4xx_ll_utils.o
    0x08000dbc   0x08000dbc   0x000000e8   Code   RO          267    .text.LL_RCC_GetUARTClockFreq  stm32l4xx_ll_rcc.o
    0x08000ea4   0x08000ea4   0x000000ca   Code   RO          265    .text.LL_RCC_GetUSARTClockFreq  stm32l4xx_ll_rcc.o
    0x08000f6e   0x08000f6e   0x00000002   PAD
    0x08000f70   0x08000f70   0x00000078   Code   RO          179    .text.LL_SPI_Init   stm32l4xx_ll_spi.o
    0x08000fe8   0x08000fe8   0x0000000c   Code   RO          348    .text.LL_SetSystemCoreClock  stm32l4xx_ll_utils.o
    0x08000ff4   0x08000ff4   0x000000e8   Code   RO          243    .text.LL_USART_Init  stm32l4xx_ll_usart.o
    0x080010dc   0x080010dc   0x00000028   Code   RO          346    .text.LL_mDelay     stm32l4xx_ll_utils.o
    0x08001104   0x08001104   0x0000002e   Code   RO          638    .text.LPTIM1_IRQHandler  smtc_hal_mcu_timer_stm32l4.o
    0x08001132   0x08001132   0x00000002   PAD
    0x08001134   0x08001134   0x000000e6   Code   RO          263    .text.RCC_GetSystemClockFreq  stm32l4xx_ll_rcc.o
    0x0800121a   0x0800121a   0x00000002   PAD
    0x0800121c   0x0800121c   0x00000012   Code   RO          368    .text.SystemInit    system_stm32l4xx.o
    0x0800122e   0x0800122e   0x00000002   PAD
    0x08001230   0x08001230   0x00000034   Code   RO          617    .text.USART2_IRQHandler  smtc_hal_mcu_uart_stm32l4.o
    0x08001264   0x08001264   0x00000090   Code   RO           15    .text.apps_common_shield_init  apps_common.o
    0x080012f4   0x080012f4   0x000000ae   Code   RO           11    .text.apps_common_sx126x_get_context  apps_common.o
    0x080013a2   0x080013a2   0x00000002   PAD
    0x080013a4   0x080013a4   0x00000022   Code   RO           49    .text.apps_common_sx126x_handle_post_rx  apps_common.o
    0x080013c6   0x080013c6   0x00000002   PAD
    0x080013c8   0x080013c8   0x00000022   Code   RO           47    .text.apps_common_sx126x_handle_pre_rx  apps_common.o
    0x080013ea   0x080013ea   0x00000002   PAD
    0x080013ec   0x080013ec   0x0000037a   Code   RO           21    .text.apps_common_sx126x_init  apps_common.o
    0x08001766   0x08001766   0x00000002   PAD
    0x08001768   0x08001768   0x0000016c   Code   RO           29    .text.apps_common_sx126x_irq_process  apps_common.o
    0x080018d4   0x080018d4   0x000002f4   Code   RO           17    .text.apps_common_sx126x_print_config  apps_common.o
    0x08001bc8   0x08001bc8   0x0000003a   Code   RO           19    .text.apps_common_sx126x_print_version_info  apps_common.o
    0x08001c02   0x08001c02   0x00000002   PAD
    0x08001c04   0x08001c04   0x00000670   Code   RO           23    .text.apps_common_sx126x_radio_init  apps_common.o
    0x08002274   0x08002274   0x000000d0   Code   RO           27    .text.apps_common_sx126x_receive  apps_common.o
    0x08002344   0x08002344   0x00000054   Code   RO          108    .text.common_version_print  common_version.o
    0x08002398   0x08002398   0x00000014   Code   RO           51    .text.get_time_on_air_in_ms  apps_common.o
    0x080023ac   0x080023ac   0x00000020   Code   RO           89    .text.hal_mcu_trace_print  smtc_hal_dbg_trace.o
    0x080023cc   0x080023cc   0x00000184   Code   RO          143    .text.init_app      main_asfs_app.o
    0x08002550   0x08002550   0x0000005c   Code   RO          141    .text.main          main_asfs_app.o
    0x080025ac   0x080025ac   0x00000084   Code   RO          147    .text.on_cad_done_detected  main_asfs_app.o
    0x08002630   0x08002630   0x00000034   Code   RO          153    .text.on_cad_done_undetected  main_asfs_app.o
    0x08002664   0x08002664   0x00000010   Code   RO          149    .text.on_preamble_detected  main_asfs_app.o
    0x08002674   0x08002674   0x000000aa   Code   RO          151    .text.on_preamble_undetected  main_asfs_app.o
    0x0800271e   0x0800271e   0x00000002   PAD
    0x08002720   0x08002720   0x00000068   Code   RO          155    .text.on_rx_done    main_asfs_app.o
    0x08002788   0x08002788   0x00000002   Code   RO           31    .text.on_tx_done    apps_common.o
    0x0800278a   0x0800278a   0x00000002   PAD
    0x0800278c   0x0800278c   0x0000000e   Code   RO           13    .text.radio_on_dio_irq  apps_common.o
    0x0800279a   0x0800279a   0x00000002   PAD
    0x0800279c   0x0800279c   0x000000aa   Code   RO          569    .text.smtc_hal_mcu_gpio_enable_irq  smtc_hal_mcu_gpio_stm32l4.o
    0x08002846   0x08002846   0x00000002   PAD
    0x08002848   0x08002848   0x0000006e   Code   RO          567    .text.smtc_hal_mcu_gpio_get_state  smtc_hal_mcu_gpio_stm32l4.o
    0x080028b6   0x080028b6   0x00000002   PAD
    0x080028b8   0x080028b8   0x000002da   Code   RO          561    .text.smtc_hal_mcu_gpio_init_input  smtc_hal_mcu_gpio_stm32l4.o
    0x08002b92   0x08002b92   0x00000002   PAD
    0x08002b94   0x08002b94   0x000000f2   Code   RO          555    .text.smtc_hal_mcu_gpio_init_output  smtc_hal_mcu_gpio_stm32l4.o
    0x08002c86   0x08002c86   0x00000002   PAD
    0x08002c88   0x08002c88   0x0000003e   Code   RO          559    .text.smtc_hal_mcu_gpio_set_state  smtc_hal_mcu_gpio_stm32l4.o
    0x08002cc6   0x08002cc6   0x00000002   PAD
    0x08002cc8   0x08002cc8   0x000000e6   Code   RO          557    .text.smtc_hal_mcu_gpio_stm32l4_enable_clock  smtc_hal_mcu_gpio_stm32l4.o
    0x08002dae   0x08002dae   0x00000002   PAD
    0x08002db0   0x08002db0   0x00000122   Code   RO          650    .text.smtc_hal_mcu_init  smtc_hal_mcu_stm32l4.o
    0x08002ed2   0x08002ed2   0x00000002   PAD
    0x08002ed4   0x08002ed4   0x00000180   Code   RO          658    .text.smtc_hal_mcu_spi_init  smtc_hal_mcu_spi_stm32l4.o
    0x08003054   0x08003054   0x000000aa   Code   RO          662    .text.smtc_hal_mcu_spi_rw_buffer  smtc_hal_mcu_spi_stm32l4.o
    0x080030fe   0x080030fe   0x00000002   PAD
    0x08003100   0x08003100   0x00000140   Code   RO          609    .text.smtc_hal_mcu_uart_init  smtc_hal_mcu_uart_stm32l4.o
    0x08003240   0x08003240   0x00000036   Code   RO          613    .text.smtc_hal_mcu_uart_send  smtc_hal_mcu_uart_stm32l4.o
    0x08003276   0x08003276   0x00000002   PAD
    0x08003278   0x08003278   0x0000000e   Code   RO           98    .text.smtc_shield_pinout_mapping_get_gpio_cfg  smtc_shield_pinout_mapping.o
    0x08003286   0x08003286   0x00000002   PAD
    0x08003288   0x08003288   0x0000003c   Code   RO          691    .text.smtc_shield_sx1261mb2bas_get_pa_pwr_cfg  smtc_shield_sx1261mb2bas.o
    0x080032c4   0x080032c4   0x0000000a   Code   RO          699    .text.smtc_shield_sx1261mb2bas_get_pinout  smtc_shield_sx1261mb2bas.o
    0x080032ce   0x080032ce   0x00000002   PAD
    0x080032d0   0x080032d0   0x00000004   Code   RO          695    .text.smtc_shield_sx1261mb2bas_get_reg_mode  smtc_shield_sx1261mb2bas.o
    0x080032d4   0x080032d4   0x0000000a   Code   RO          697    .text.smtc_shield_sx1261mb2bas_get_xosc_cfg  smtc_shield_sx1261mb2bas.o
    0x080032de   0x080032de   0x00000002   PAD
    0x080032e0   0x080032e0   0x00000004   Code   RO          693    .text.smtc_shield_sx1261mb2bas_is_dio2_set_as_rf_switch  smtc_shield_sx1261mb2bas.o
    0x080032e4   0x080032e4   0x000000b6   Code   RO          145    .text.start_cad_after_delay  main_asfs_app.o
    0x0800339a   0x0800339a   0x00000002   PAD
    0x0800339c   0x0800339c   0x000000f0   Code   RO          536    .text.sx126x_add_registers_to_retention_list  sx126x.o
    0x0800348c   0x0800348c   0x00000026   Code   RO          414    .text.sx126x_cal    sx126x.o
    0x080034b2   0x080034b2   0x00000002   PAD
    0x080034b4   0x080034b4   0x00000054   Code   RO          518    .text.sx126x_cfg_rx_boosted  sx126x.o
    0x08003508   0x08003508   0x0000002c   Code   RO          436    .text.sx126x_clear_irq_status  sx126x.o
    0x08003534   0x08003534   0x00000004   Code   RO          392    .text.sx126x_convert_timeout_in_ms_to_rtc_step  sx126x.o
    0x08003538   0x08003538   0x0000006c   Code   RO          729    .text.sx126x_fallback_modes_to_str  sx126x_str.o
    0x080035a4   0x080035a4   0x00000064   Code   RO          438    .text.sx126x_get_and_clear_irq_status  sx126x.o
    0x08003608   0x08003608   0x00000084   Code   RO          506    .text.sx126x_get_lora_time_on_air_in_ms  sx126x.o
    0x0800368c   0x0800368c   0x00000032   Code   RO          478    .text.sx126x_get_rx_buffer_status  sx126x.o
    0x080036be   0x080036be   0x00000002   PAD
    0x080036c0   0x080036c0   0x00000058   Code   RO          681    .text.sx126x_hal_read  sx126x_hal.o
    0x08003718   0x08003718   0x0000001e   Code   RO          673    .text.sx126x_hal_reset  sx126x_hal.o
    0x08003736   0x08003736   0x00000002   PAD
    0x08003738   0x08003738   0x00000058   Code   RO          677    .text.sx126x_hal_write  sx126x_hal.o
    0x08003790   0x08003790   0x00000004   Code   RO          514    .text.sx126x_handle_rx_done  sx126x.o
    0x08003794   0x08003794   0x0000000e   Code   RO          538    .text.sx126x_init_retention_list  sx126x.o
    0x080037a2   0x080037a2   0x00000002   PAD
    0x080037a4   0x080037a4   0x00000040   Code   RO          745    .text.sx126x_lora_bw_to_str  sx126x_str.o
    0x080037e4   0x080037e4   0x00000028   Code   RO          747    .text.sx126x_lora_cr_to_str  sx126x_str.o
    0x0800380c   0x0800380c   0x00000054   Code   RO          759    .text.sx126x_lora_pkt_len_modes_to_str  sx126x_str.o
    0x08003860   0x08003860   0x00000038   Code   RO          743    .text.sx126x_lora_sf_to_str  sx126x_str.o
    0x08003898   0x08003898   0x00000024   Code   RO          733    .text.sx126x_pkt_type_to_str  sx126x_str.o
    0x080038bc   0x080038bc   0x0000002a   Code   RO          430    .text.sx126x_read_buffer  sx126x.o
    0x080038e6   0x080038e6   0x00000002   PAD
    0x080038e8   0x080038e8   0x00000004   Code   RO          492    .text.sx126x_reset  sx126x.o
    0x080038ec   0x080038ec   0x00000022   Code   RO          406    .text.sx126x_set_cad  sx126x.o
    0x0800390e   0x0800390e   0x00000002   PAD
    0x08003910   0x08003910   0x00000038   Code   RO          470    .text.sx126x_set_cad_params  sx126x.o
    0x08003948   0x08003948   0x00000026   Code   RO          440    .text.sx126x_set_dio2_as_rf_sw_ctrl  sx126x.o
    0x0800396e   0x0800396e   0x00000002   PAD
    0x08003970   0x08003970   0x00000036   Code   RO          442    .text.sx126x_set_dio3_as_tcxo_ctrl  sx126x.o
    0x080039a6   0x080039a6   0x00000002   PAD
    0x080039a8   0x080039a8   0x00000054   Code   RO          432    .text.sx126x_set_dio_irq_params  sx126x.o
    0x080039fc   0x080039fc   0x0000009e   Code   RO          460    .text.sx126x_set_lora_mod_params  sx126x.o
    0x08003a9a   0x08003a9a   0x00000002   PAD
    0x08003a9c   0x08003a9c   0x0000009c   Code   RO          466    .text.sx126x_set_lora_pkt_params  sx126x.o
    0x08003b38   0x08003b38   0x0000007a   Code   RO          522    .text.sx126x_set_lora_sync_word  sx126x.o
    0x08003bb2   0x08003bb2   0x00000002   PAD
    0x08003bb4   0x08003bb4   0x00000026   Code   RO          420    .text.sx126x_set_pa_cfg  sx126x.o
    0x08003bda   0x08003bda   0x00000002   PAD
    0x08003bdc   0x08003bdc   0x00000026   Code   RO          450    .text.sx126x_set_pkt_type  sx126x.o
    0x08003c02   0x08003c02   0x00000002   PAD
    0x08003c04   0x08003c04   0x00000026   Code   RO          412    .text.sx126x_set_reg_mode  sx126x.o
    0x08003c2a   0x08003c2a   0x00000002   PAD
    0x08003c2c   0x08003c2c   0x00000064   Code   RO          444    .text.sx126x_set_rf_freq  sx126x.o
    0x08003c90   0x08003c90   0x0000003c   Code   RO          396    .text.sx126x_set_rx  sx126x.o
    0x08003ccc   0x08003ccc   0x00000026   Code   RO          422    .text.sx126x_set_rx_tx_fallback_mode  sx126x.o
    0x08003cf2   0x08003cf2   0x00000002   PAD
    0x08003cf4   0x08003cf4   0x00000026   Code   RO          386    .text.sx126x_set_standby  sx126x.o
    0x08003d1a   0x08003d1a   0x00000002   PAD
    0x08003d1c   0x08003d1c   0x0000002a   Code   RO          454    .text.sx126x_set_tx_params  sx126x.o
    0x08003d46   0x08003d46   0x00000002   PAD
    0x08003d48   0x08003d48   0x00000088   Code   RO          516    .text.sx126x_stop_rtc  sx126x.o
    0x08003dd0   0x08003dd0   0x0000002c   Code   RO          116    .text.uart_init     uart_init.o
    0x08003dfc   0x08003dfc   0x00000036   Code   RO          122    .text.vprint        uart_init.o
    0x08003e32   0x08003e32   0x00000002   PAD
    0x08003e34   0x08003e34   0x00000024   Code   RO          799    i.__0vsprintf       mc_w.l(printfa.o)
    0x08003e58   0x08003e58   0x0000000e   Code   RO          877    i.__scatterload_copy  mc_w.l(handlers.o)
    0x08003e66   0x08003e66   0x00000002   Code   RO          878    i.__scatterload_null  mc_w.l(handlers.o)
    0x08003e68   0x08003e68   0x0000000e   Code   RO          879    i.__scatterload_zeroinit  mc_w.l(handlers.o)
    0x08003e76   0x08003e76   0x00000002   PAD
    0x08003e78   0x08003e78   0x0000018a   Code   RO          800    i._fp_digits        mc_w.l(printfa.o)
    0x08004002   0x08004002   0x00000002   PAD
    0x08004004   0x08004004   0x000006e2   Code   RO          801    i._printf_core      mc_w.l(printfa.o)
    0x080046e6   0x080046e6   0x00000024   Code   RO          802    i._printf_post_padding  mc_w.l(printfa.o)
    0x0800470a   0x0800470a   0x0000002e   Code   RO          803    i._printf_pre_padding  mc_w.l(printfa.o)
    0x08004738   0x08004738   0x0000000a   Code   RO          805    i._sputc            mc_w.l(printfa.o)
    0x08004742   0x08004742   0x00000006   Data   RO          544    .rodata..L__const.sx126x_init_retention_list.list_of_registers  sx126x.o
    0x08004748   0x08004748   0x0000002c   Data   RO          545    .rodata..Lswitch.table.sx126x_get_lora_time_on_air_in_ms  sx126x.o
    0x08004774   0x08004774   0x00000010   Data   RO          373    .rodata.AHBPrescTable  system_stm32l4xx.o
    0x08004784   0x08004784   0x00000008   Data   RO          374    .rodata.APBPrescTable  system_stm32l4xx.o
    0x0800478c   0x0800478c   0x00000030   Data   RO          375    .rodata.MSIRangeTable  system_stm32l4xx.o
    0x080047bc   0x080047bc   0x000000b0   Data   RO          100    .rodata.arduino_mapping  smtc_shield_pinout_mapping.o
    0x0800486c   0x0800486c   0x00000006   Data   RO           68    .rodata.lora_pkt_params  apps_common.o
    0x08004872   0x08004872   0x000000a5   Data   RO          701    .rodata.smtc_shield_sx1261mb2bas_pa_pwr_cfg_table  smtc_shield_sx1261mb2bas.o
    0x08004917   0x08004917   0x00000007   Data   RO          703    .rodata.smtc_shield_sx1261mb2bas_pinout  smtc_shield_sx1261mb2bas.o
    0x0800491e   0x0800491e   0x00000002   PAD
    0x08004920   0x08004920   0x00000008   Data   RO          702    .rodata.smtc_shield_sx1261mb2bas_xosc_cfg  smtc_shield_sx1261mb2bas.o
    0x08004928   0x08004928   0x000002a1   Data   RO           76    .rodata.str1.1      apps_common.o
    0x08004bc9   0x08004bc9   0x0000008b   Data   RO          166    .rodata.str1.1      main_asfs_app.o
    0x08004c54   0x08004c54   0x0000096c   Data   RO          769    .rodata.str1.1      sx126x_str.o
    0x080055c0   0x080055c0   0x00000020   Data   RO          876    Region$$Table       anon$$obj.o


    Execution Region RW_IRAM1 (Exec base: 0x20000000, Load base: 0x080055e0, Size: 0x00000870, Max: 0x00018000, ABSOLUTE)

    Exec Addr    Load Addr    Size         Type   Attr      Idx    E Section Name        Object

    0x20000000   0x080055e0   0x00000004   Data   RW          782    .data               mc_w.l(rand.o)
    0x20000004   0x080055e4   0x00000001   Data   RW          163    .data.LORA_SF       main_asfs_app.o
    0x20000005   0x080055e5   0x00000001   Data   RW          159    .data.LORA_SPREADING_FACTOR_t  main_asfs_app.o
    0x20000006   0x080055e6   0x00000002   PAD
    0x20000008   0x080055e8   0x00000004   Data   RW          372    .data.SystemCoreClock  system_stm32l4xx.o
    0x2000000c   0x080055ec   0x00000014   Data   RW           67    .data.shield        apps_common.o
    0x20000020        -       0x00000001   Zero   RW          160    .bss.CAD_EXIT_MODE  main_asfs_app.o
    0x20000021   0x08005600   0x00000003   PAD
    0x20000024        -       0x0000000c   Zero   RW           75    .bss.antenna_sw     apps_common.o
    0x20000030        -       0x0000007c   Zero   RW          167    .bss.buffer         main_asfs_app.o
    0x200000ac        -       0x00000008   Zero   RW          162    .bss.cad_params     main_asfs_app.o
    0x200000b4        -       0x00000048   Zero   RW           71    .bss.context        apps_common.o
    0x200000fc        -       0x00000004   Zero   RW          164    .bss.context        main_asfs_app.o
    0x20000100        -       0x00000004   Zero   RW          165    .bss.detection_counter  main_asfs_app.o
    0x20000104        -       0x00000300   Zero   RW          585    .bss.gpio_inst_array  smtc_hal_mcu_gpio_stm32l4.o
    0x20000404        -       0x00000004   Zero   RW          124    .bss.inst_uart      uart_init.o
    0x20000408        -       0x00000001   Zero   RW           80    .bss.irq_fired      apps_common.o
    0x20000409   0x08005600   0x00000003   PAD
    0x2000040c        -       0x0000000c   Zero   RW           74    .bss.led_rx         apps_common.o
    0x20000418        -       0x0000000c   Zero   RW           73    .bss.led_tx         apps_common.o
    0x20000424        -       0x00000004   Zero   RW          161    .bss.lora_mod_params  main_asfs_app.o
    0x20000428        -       0x00000004   Zero   RW           79    .bss.received_packet_counter  apps_common.o
    0x2000042c        -       0x00000004   Zero   RW           72    .bss.shield_pinout  apps_common.o
    0x20000430        -       0x00000020   Zero   RW          664    .bss.spi_inst_array  smtc_hal_mcu_spi_stm32l4.o
    0x20000450        -       0x00000010   Zero   RW          641    .bss.tim_inst_array  smtc_hal_mcu_timer_stm32l4.o
    0x20000460        -       0x0000000c   Zero   RW          619    .bss.uart_inst_array  smtc_hal_mcu_uart_stm32l4.o
    0x2000046c   0x08005600   0x00000004   PAD
    0x20000470        -       0x00000400   Zero   RW            1    STACK               startup_stm32l476xx.o


==============================================================================

Image component sizes


      Code (inc. data)   RO Data    RW Data    ZI Data      Debug   Object Name

      4346        204        679         20        117      22555   apps_common.o
        84         52          0          0          0        859   common_version.o
      1136         38        139          2        145       9236   main_asfs_app.o
        32          0          0          0          0        828   smtc_hal_dbg_trace.o
      2502        136          0          0        768      20777   smtc_hal_mcu_gpio_stm32l4.o
       554         48          0          0         32       7353   smtc_hal_mcu_spi_stm32l4.o
       290          0          0          0          0       4901   smtc_hal_mcu_stm32l4.o
        46          0          0          0         16      10177   smtc_hal_mcu_timer_stm32l4.o
       426         24          0          0         12      10890   smtc_hal_mcu_uart_stm32l4.o
        14          0        176          0          0       2328   smtc_shield_pinout_mapping.o
        88          0        180          0          0       3727   smtc_shield_sx1261mb2bas.o
        36          8        392          0       1024       1096   startup_stm32l476xx.o
       368          8          0          0          0       3986   stm32l4xx_ll_exti.o
       220          0          0          0          0       4873   stm32l4xx_ll_gpio.o
       664         24          0          0          0      19272   stm32l4xx_ll_rcc.o
       120          0          0          0          0       3990   stm32l4xx_ll_spi.o
       232          0          0          0          0       5889   stm32l4xx_ll_usart.o
        92          0          0          0          0      10495   stm32l4xx_ll_utils.o
      1986          0         50          0          0      46593   sx126x.o
       206          0          0          0          0       5366   sx126x_hal.o
       388        240       2412          0          0      12007   sx126x_str.o
        18          0         72          4          0       3283   system_stm32l4xx.o
        98          0          0          0          4       3008   uart_init.o

    ----------------------------------------------------------------------
     14044        782       4134         28       2128     213489   Object Totals
         0          0         32          0          0          0   (incl. Generated)
        98          0          2          2         10          0   (incl. Padding)

    ----------------------------------------------------------------------

      Code (inc. data)   RO Data    RW Data    ZI Data      Debug   Library Member Name

         0          0          0          0          0          0   entry.o
         0          0          0          0          0          0   entry10a.o
         0          0          0          0          0          0   entry11a.o
         8          4          0          0          0          0   entry2.o
         4          0          0          0          0          0   entry5.o
         0          0          0          0          0          0   entry7b.o
         0          0          0          0          0          0   entry8b.o
         8          4          0          0          0          0   entry9a.o
        30          0          0          0          0          0   handlers.o
        48         10          0          0          0         68   init.o
         0          0          0          0          0          0   iusefp.o
        30          0          0          0          0         68   llshl.o
        36          0          0          0          0         68   llsshr.o
        32          0          0          0          0         68   llushr.o
        36          0          0          0          0        108   memseta.o
      2284         86          0          0          0        516   printfa.o
        36         10          0          4          0        136   rand.o
        14          0          0          0          0         68   strlen.o
        44          0          0          0          0         80   uidiv.o
       104          0          0          0          0         92   uldiv.o
        48          0          0          0          0         68   cdrcmple.o
       350          0          0          0          0        148   dadd.o
       222          0          0          0          0        100   ddiv.o
       186          0          0          0          0        176   depilogue.o
        48          0          0          0          0         68   dfixul.o
       234          0          0          0          0         96   dmul.o

    ----------------------------------------------------------------------
      3806        114          0          4          0       1928   Library Totals
         4          0          0          0          0          0   (incl. Padding)

    ----------------------------------------------------------------------

      Code (inc. data)   RO Data    RW Data    ZI Data      Debug   Library Name

      2714        114          0          4          0       1272   mc_w.l
      1088          0          0          0          0        656   mf_w.l

    ----------------------------------------------------------------------
      3806        114          0          4          0       1928   Library Totals

    ----------------------------------------------------------------------

==============================================================================


      Code (inc. data)   RO Data    RW Data    ZI Data      Debug   

     17850        896       4134         32       2128     214265   Grand Totals
     17850        896       4134         32       2128     214265   ELF Image Totals
     17850        896       4134         32          0          0   ROM Totals

==============================================================================

    Total RO  Size (Code + RO Data)                21984 (  21.47kB)
    Total RW  Size (RW Data + ZI Data)              2160 (   2.11kB)
    Total ROM Size (Code + RO Data + RW Data)      22016 (  21.50kB)

==============================================================================

