<html>
<body>
<pre>
<h1>µVision Build Log</h1>
<h2>Tool Versions:</h2>
IDE-Version: µVision V5.40.0.0
Copyright (C) 2024 ARM Ltd and ARM Germany GmbH. All rights reserved.
License Information: taha tmoussa, irisa, LIC=----
 
Tool Versions:
Toolchain:       MDK-Lite  Version: 5.40.0.3
Toolchain Path:  C:\Keil\Keil_v5\ARM\ARMCLANG\Bin
C Compiler:      ArmClang.exe V6.22
Assembler:       Armasm.exe V6.22
Linker/Locator:  ArmLink.exe V6.22
Library Manager: ArmAr.exe V6.22
Hex Converter:   FromElf.exe V6.22
CPU DLL:         SARMCM3.DLL V5.40.0.3
Dialog DLL:      DCM.DLL V1.17.5.0
Target DLL:      STLink\ST-LINKIII-KEIL_SWO.dll V3.3.0.0
Dialog DLL:      TCM.DLL V1.56.4.0
 
<h2>Project:</h2>
C:\Users\tmoussa\Desktop\ASFS App V3\ASFS App backup V3\core\sx126x\ASFS\MDK-ARM\ASFS_app.uvprojx
Project File Date:  08/29/2024

<h2>Output:</h2>
*** Using Compiler 'V6.22', folder: 'C:\Keil\Keil_v5\ARM\ARMCLANG\Bin'
Build target 'SX1261MB2BAS'
compiling common_version.c...
compiling smtc_shield_pinout_mapping.c...
compiling stm32l4xx_ll_spi.c...
compiling smtc_hal_dbg_trace.c...
compiling main_ASFS_App.c...
compiling uart_init.c...
compiling stm32l4xx_ll_gpio.c...
compiling apps_common.c...
compiling stm32l4xx_ll_lptim.c...
compiling stm32l4xx_ll_pwr.c...
compiling stm32l4xx_ll_usart.c...
compiling stm32l4xx_ll_exti.c...
compiling stm32l4xx_ll_tim.c...
compiling system_stm32l4xx.c...
compiling stm32l4xx_ll_rcc.c...
compiling stm32l4xx_ll_utils.c...
compiling smtc_hal_mcu_rng_stm32l4.c...
compiling smtc_hal_mcu_uart_stm32l4.c...
compiling smtc_hal_mcu_timer_stm32l4.c...
compiling smtc_shield_sx1261mb2bas.c...
compiling smtc_dbpsk.c...
compiling smtc_hal_mcu_stm32l4.c...
compiling sx126x_hal.c...
compiling sx126x_str.c...
compiling smtc_hal_mcu_gpio_stm32l4.c...
compiling smtc_hal_mcu_spi_stm32l4.c...
compiling sx126x.c...
assembling startup_stm32l476xx.s...
linking...
Program Size: Code=17850 RO-data=4134 RW-data=32 ZI-data=2128  
FromELF: creating hex file...
After Build - User command #1: fromelf --bincombined --output=ASFS.bin .\build\SX1261MB2BAS\ASFS.axf
".\build\SX1261MB2BAS\ASFS.axf" - 0 Error(s), 0 Warning(s).

<h2>Software Packages used:</h2>

Package Vendor: ARM
                https://www.keil.com/pack/ARM.CMSIS.6.1.0.pack
                ARM::CMSIS@6.1.0
                CMSIS (Common Microcontroller Software Interface Standard)
   * Component: CORE Version: 6.1.0

Package Vendor: Keil
                https://www.keil.com/pack/Keil.STM32L4xx_DFP.2.7.0.pack
                Keil::STM32L4xx_DFP@2.7.0
                STMicroelectronics STM32L4 Series Device Support, Drivers and Examples

<h2>Collection of Component include folders:</h2>
  ./RTE/_SX1261MB2BAS
  C:/Keil/Packs/ARM/CMSIS/6.1.0/CMSIS/Core/Include
  C:/Keil/Packs/Keil/STM32L4xx_DFP/2.7.0/Drivers/CMSIS/Device/ST/STM32L4xx/Include

<h2>Collection of Component Files used:</h2>

   * Component: ARM::CMSIS:CORE@6.1.0
Build Time Elapsed:  00:00:04
</pre>
</body>
</html>
